2025/07/08 22:25:38 Opening directory: /home/josh/media-manager
2025/07/08 22:25:38 [DEBUG] main.go: Passing dir to app: /home/josh/media-manager
[DEBUG] app.go: Received mediaDir: /home/josh/media-manager
[DEBUG] Attempting to load config...
[DEBUG] Config file path: /home/josh/.media-manager/config.json
[DEBUG] Read 319 bytes from config file.
[DEBUG] Config loaded: &{DatabasePath:/home/josh/.media-manager/media.db ThumbnailDir:/home/josh/.media-manager/thumbnails ThumbnailSize:300 MediaDirs:[./media] MainContentSplitOffset:0.09331848 SidebarSplitOffset:0.95 WindowWidth:0 WindowHeight:0 WindowX:0 WindowY:0}
[DEBUG] MediaDirs overridden by command line argument: [/home/josh/media-manager]
[DEBUG] app.go: Using default window size and centering on screen.
[DEBUG] main.go: MainView using MediaDirs: [/home/josh/media-manager]
[DEBUG] views/main.go: SidebarSplit initial offset set to: 0.950000
[DEBUG] mediaCardRenderer.Layout - received size: {180 180}
[DEBUG] mediaCardRenderer.Layout - contentSize: {180 136.92188}
[DEBUG] mediaCardRenderer.Layout - received size: {180 180}
[DEBUG] mediaCardRenderer.Layout - contentSize: {180 136.92188}
[DEBUG] mediaCardRenderer.Layout - received size: {180 180}
[DEBUG] mediaCardRenderer.Layout - contentSize: {180 136.92188}
[DEBUG] mediaCardRenderer.Layout - received size: {180 180}
[DEBUG] mediaCardRenderer.Layout - contentSize: {180 136.92188}
[DEBUG] mediaCardRenderer.Layout - received size: {180 180}
[DEBUG] mediaCardRenderer.Layout - contentSize: {180 136.92188}
[DEBUG] mediaCardRenderer.Layout - received size: {180 180}
[DEBUG] mediaCardRenderer.Layout - contentSize: {180 136.92188}
[DEBUG] mediaCardRenderer.Layout - received size: {180 180}
[DEBUG] mediaCardRenderer.Layout - contentSize: {180 136.92188}
[DEBUG] mediaCardRenderer.Layout - received size: {180 180}
[DEBUG] mediaCardRenderer.Layout - contentSize: {180 136.92188}
[DEBUG] mediaCardRenderer.Layout - received size: {180 180}
[DEBUG] mediaCardRenderer.Layout - contentSize: {180 136.92188}
[DEBUG] mediaCardRenderer.Layout - received size: {180 180}
[DEBUG] mediaCardRenderer.Layout - contentSize: {180 136.92188}
[DEBUG] mediaCardRenderer.Layout - received size: {180 180}
[DEBUG] mediaCardRenderer.Layout - contentSize: {180 136.92188}
[DEBUG] mediaCardRenderer.Layout - received size: {180 180}
[DEBUG] mediaCardRenderer.Layout - contentSize: {180 136.92188}
[DEBUG] mediaCardRenderer.Layout - received size: {180 180}
[DEBUG] mediaCardRenderer.Layout - contentSize: {180 136.92188}
[DEBUG] mediaCardRenderer.Layout - received size: {180 180}
[DEBUG] mediaCardRenderer.Layout - contentSize: {180 136.92188}
[DEBUG] mediaCardRenderer.Layout - received size: {180 180}
[DEBUG] mediaCardRenderer.Layout - contentSize: {180 136.92188}
[DEBUG] mediaCardRenderer.Layout - received size: {180 180}
[DEBUG] mediaCardRenderer.Layout - contentSize: {180 136.92188}
[DEBUG] mediaCardRenderer.Layout - received size: {180 180}
[DEBUG] mediaCardRenderer.Layout - contentSize: {180 136.92188}
[DEBUG] mediaCardRenderer.Layout - received size: {180 180}
[DEBUG] mediaCardRenderer.Layout - contentSize: {180 136.92188}
[DEBUG] mediaCardRenderer.Layout - received size: {180 180}
[DEBUG] mediaCardRenderer.Layout - contentSize: {180 136.92188}
[DEBUG] mediaCardRenderer.Layout - received size: {180 180}
[DEBUG] mediaCardRenderer.Layout - contentSize: {180 136.92188}
[DEBUG] mediaCardRenderer.Layout - received size: {180 180}
[DEBUG] mediaCardRenderer.Layout - contentSize: {180 136.92188}
[DEBUG] mediaCardRenderer.Layout - received size: {180 180}
[DEBUG] mediaCardRenderer.Layout - contentSize: {180 136.92188}
[DEBUG] mediaCardRenderer.Layout - received size: {180 180}
[DEBUG] mediaCardRenderer.Layout - contentSize: {180 136.92188}
[DEBUG] mediaCardRenderer.Layout - received size: {180 180}
[DEBUG] mediaCardRenderer.Layout - contentSize: {180 136.92188}
[DEBUG] views/main.go: MainContentSplit initial offset set to: 0.093318
[DEBUG] mediaCardRenderer.Layout - received size: {180 180}
[DEBUG] mediaCardRenderer.Layout - contentSize: {180 136.92188}
[DEBUG] mediaCardRenderer.Layout - received size: {180 180}
[DEBUG] mediaCardRenderer.Layout - contentSize: {180 136.92188}
[DEBUG] mediaCardRenderer.Layout - received size: {180 180}
[DEBUG] mediaCardRenderer.Layout - contentSize: {180 136.92188}
[DEBUG] mediaCardRenderer.Layout - received size: {180 180}
[DEBUG] mediaCardRenderer.Layout - contentSize: {180 136.92188}
[DEBUG] mediaCardRenderer.Layout - received size: {180 180}
[DEBUG] mediaCardRenderer.Layout - contentSize: {180 136.92188}
[DEBUG] mediaCardRenderer.Layout - received size: {180 180}
[DEBUG] mediaCardRenderer.Layout - contentSize: {180 136.92188}
[DEBUG] mediaCardRenderer.Layout - received size: {180 180}
[DEBUG] mediaCardRenderer.Layout - contentSize: {180 136.92188}
[DEBUG] mediaCardRenderer.Layout - received size: {180 180}
[DEBUG] mediaCardRenderer.Layout - contentSize: {180 136.92188}
[DEBUG] mediaCardRenderer.Layout - received size: {180 180}
[DEBUG] mediaCardRenderer.Layout - contentSize: {180 136.92188}
[DEBUG] mediaCardRenderer.Layout - received size: {180 180}
[DEBUG] mediaCardRenderer.Layout - contentSize: {180 136.92188}
[DEBUG] mediaCardRenderer.Layout - received size: {180 180}
[DEBUG] mediaCardRenderer.Layout - contentSize: {180 136.92188}
[DEBUG] mediaCardRenderer.Layout - received size: {180 180}
[DEBUG] mediaCardRenderer.Layout - contentSize: {180 136.92188}
[DEBUG] mediaCardRenderer.Layout - received size: {180 180}
[DEBUG] mediaCardRenderer.Layout - contentSize: {180 136.92188}
[DEBUG] mediaCardRenderer.Layout - received size: {180 180}
[DEBUG] mediaCardRenderer.Layout - contentSize: {180 136.92188}
[DEBUG] mediaCardRenderer.Layout - received size: {180 180}
[DEBUG] mediaCardRenderer.Layout - contentSize: {180 136.92188}
[DEBUG] mediaCardRenderer.Layout - received size: {180 180}
[DEBUG] mediaCardRenderer.Layout - contentSize: {180 136.92188}
[DEBUG] mediaCardRenderer.Layout - received size: {180 180}
[DEBUG] mediaCardRenderer.Layout - contentSize: {180 136.92188}
[DEBUG] mediaCardRenderer.Layout - received size: {180 180}
[DEBUG] mediaCardRenderer.Layout - contentSize: {180 136.92188}
[DEBUG] mediaCardRenderer.Layout - received size: {180 180}
[DEBUG] mediaCardRenderer.Layout - contentSize: {180 136.92188}
[DEBUG] mediaCardRenderer.Layout - received size: {180 180}
[DEBUG] mediaCardRenderer.Layout - contentSize: {180 136.92188}
[DEBUG] mediaCardRenderer.Layout - received size: {180 180}
[DEBUG] mediaCardRenderer.Layout - contentSize: {180 136.92188}
[DEBUG] mediaCardRenderer.Layout - received size: {180 180}
[DEBUG] mediaCardRenderer.Layout - contentSize: {180 136.92188}
[DEBUG] mediaCardRenderer.Layout - received size: {180 180}
[DEBUG] mediaCardRenderer.Layout - contentSize: {180 136.92188}
[DEBUG] mediaCardRenderer.Layout - received size: {180 180}
[DEBUG] mediaCardRenderer.Layout - contentSize: {180 136.92188}
[DEBUG] mediaCardRenderer.Layout - received size: {180 180}
[DEBUG] mediaCardRenderer.Layout - contentSize: {180 136.92188}
[DEBUG] mediaCardRenderer.Layout - received size: {180 180}
[DEBUG] mediaCardRenderer.Layout - contentSize: {180 136.92188}
[DEBUG] mediaCardRenderer.Layout - received size: {180 180}
[DEBUG] mediaCardRenderer.Layout - contentSize: {180 136.92188}
[DEBUG] mediaCardRenderer.Layout - received size: {180 180}
[DEBUG] mediaCardRenderer.Layout - contentSize: {180 136.92188}
[DEBUG] mediaCardRenderer.Layout - received size: {180 180}
[DEBUG] mediaCardRenderer.Layout - contentSize: {180 136.92188}
[DEBUG] mediaCardRenderer.Layout - received size: {180 180}
[DEBUG] mediaCardRenderer.Layout - contentSize: {180 136.92188}
[DEBUG] mediaCardRenderer.Layout - received size: {180 180}
[DEBUG] mediaCardRenderer.Layout - contentSize: {180 136.92188}
[DEBUG] mediaCardRenderer.Layout - received size: {180 180}
[DEBUG] mediaCardRenderer.Layout - contentSize: {180 136.92188}
[DEBUG] mediaCardRenderer.Layout - received size: {180 180}
[DEBUG] mediaCardRenderer.Layout - contentSize: {180 136.92188}
[DEBUG] mediaCardRenderer.Layout - received size: {180 180}
[DEBUG] mediaCardRenderer.Layout - contentSize: {180 136.92188}
[DEBUG] mediaCardRenderer.Layout - received size: {180 180}
[DEBUG] mediaCardRenderer.Layout - contentSize: {180 136.92188}
[DEBUG] mediaCardRenderer.Layout - received size: {180 180}
[DEBUG] mediaCardRenderer.Layout - contentSize: {180 136.92188}
[DEBUG] mediaCardRenderer.Layout - received size: {180 180}
[DEBUG] mediaCardRenderer.Layout - contentSize: {180 136.92188}
[DEBUG] mediaCardRenderer.Layout - received size: {180 180}
[DEBUG] mediaCardRenderer.Layout - contentSize: {180 136.92188}
[DEBUG] mediaCardRenderer.Layout - received size: {180 180}
[DEBUG] mediaCardRenderer.Layout - contentSize: {180 136.92188}
[DEBUG] mediaCardRenderer.Layout - received size: {180 180}
[DEBUG] mediaCardRenderer.Layout - contentSize: {180 136.92188}
[DEBUG] mediaCardRenderer.Layout - received size: {180 180}
[DEBUG] mediaCardRenderer.Layout - contentSize: {180 136.92188}
[DEBUG] mediaCardRenderer.Layout - received size: {180 180}
[DEBUG] mediaCardRenderer.Layout - contentSize: {180 136.92188}
[DEBUG] mediaCardRenderer.Layout - received size: {180 180}
[DEBUG] mediaCardRenderer.Layout - contentSize: {180 136.92188}
[DEBUG] mediaCardRenderer.Layout - received size: {180 180}
[DEBUG] mediaCardRenderer.Layout - contentSize: {180 136.92188}
[DEBUG] mediaCardRenderer.Layout - received size: {180 180}
[DEBUG] mediaCardRenderer.Layout - contentSize: {180 136.92188}
[DEBUG] mediaCardRenderer.Layout - received size: {180 180}
[DEBUG] mediaCardRenderer.Layout - contentSize: {180 136.92188}
[DEBUG] mediaCardRenderer.Layout - received size: {180 180}
[DEBUG] mediaCardRenderer.Layout - contentSize: {180 136.92188}
[DEBUG] mediaCardRenderer.Layout - received size: {180 180}
[DEBUG] mediaCardRenderer.Layout - contentSize: {180 136.92188}
[DEBUG] mediaCardRenderer.Layout - received size: {180 180}
[DEBUG] mediaCardRenderer.Layout - contentSize: {180 136.92188}
[DEBUG] mediaCardRenderer.Layout - received size: {180 180}
[DEBUG] mediaCardRenderer.Layout - contentSize: {180 136.92188}
[DEBUG] mediaCardRenderer.Layout - received size: {180 180}
[DEBUG] mediaCardRenderer.Layout - contentSize: {180 136.92188}
[DEBUG] mediaCardRenderer.Layout - received size: {180 180}
[DEBUG] mediaCardRenderer.Layout - contentSize: {180 136.92188}
[DEBUG] mediaCardRenderer.Layout - received size: {180 180}
[DEBUG] mediaCardRenderer.Layout - contentSize: {180 136.92188}
[DEBUG] mediaCardRenderer.Layout - received size: {180 180}
[DEBUG] mediaCardRenderer.Layout - contentSize: {180 136.92188}
[DEBUG] mediaCardRenderer.Layout - received size: {180 180}
[DEBUG] mediaCardRenderer.Layout - contentSize: {180 136.92188}
[DEBUG] mediaCardRenderer.Layout - received size: {180 180}
[DEBUG] mediaCardRenderer.Layout - contentSize: {180 136.92188}
[DEBUG] mediaCardRenderer.Layout - received size: {180 180}
[DEBUG] mediaCardRenderer.Layout - contentSize: {180 136.92188}
[DEBUG] mediaCardRenderer.Layout - received size: {180 180}
[DEBUG] mediaCardRenderer.Layout - contentSize: {180 136.92188}
[DEBUG] mediaCardRenderer.Layout - received size: {180 180}
[DEBUG] mediaCardRenderer.Layout - contentSize: {180 136.92188}
[DEBUG] mediaCardRenderer.Layout - received size: {180 180}
[DEBUG] mediaCardRenderer.Layout - contentSize: {180 136.92188}
[DEBUG] mediaCardRenderer.Layout - received size: {180 180}
[DEBUG] mediaCardRenderer.Layout - contentSize: {180 136.92188}
[DEBUG] mediaCardRenderer.Layout - received size: {180 180}
[DEBUG] mediaCardRenderer.Layout - contentSize: {180 136.92188}
[DEBUG] mediaCardRenderer.Layout - received size: {180 180}
[DEBUG] mediaCardRenderer.Layout - contentSize: {180 136.92188}
[DEBUG] mediaCardRenderer.Layout - received size: {180 180}
[DEBUG] mediaCardRenderer.Layout - contentSize: {180 136.92188}
[DEBUG] mediaCardRenderer.Layout - received size: {180 180}
[DEBUG] mediaCardRenderer.Layout - contentSize: {180 136.92188}
[DEBUG] mediaCardRenderer.Layout - received size: {180 180}
[DEBUG] mediaCardRenderer.Layout - contentSize: {180 136.92188}
[DEBUG] mediaCardRenderer.Layout - received size: {180 180}
[DEBUG] mediaCardRenderer.Layout - contentSize: {180 136.92188}
[DEBUG] mediaCardRenderer.Layout - received size: {180 180}
[DEBUG] mediaCardRenderer.Layout - contentSize: {180 136.92188}
[DEBUG] mediaCardRenderer.Layout - received size: {180 180}
[DEBUG] mediaCardRenderer.Layout - contentSize: {180 136.92188}
[DEBUG] mediaCardRenderer.Layout - received size: {180 180}
[DEBUG] mediaCardRenderer.Layout - contentSize: {180 136.92188}
[DEBUG] mediaCardRenderer.Layout - received size: {180 180}
[DEBUG] mediaCardRenderer.Layout - contentSize: {180 136.92188}
[DEBUG] mediaCardRenderer.Layout - received size: {180 180}
[DEBUG] mediaCardRenderer.Layout - contentSize: {180 136.92188}
[DEBUG] mediaCardRenderer.Layout - received size: {180 180}
[DEBUG] mediaCardRenderer.Layout - contentSize: {180 136.92188}
[DEBUG] mediaCardRenderer.Layout - received size: {180 180}
[DEBUG] mediaCardRenderer.Layout - contentSize: {180 136.92188}
[DEBUG] mediaCardRenderer.Layout - received size: {180 180}
[DEBUG] mediaCardRenderer.Layout - contentSize: {180 136.92188}
[DEBUG] mediaCardRenderer.Layout - received size: {180 180}
[DEBUG] mediaCardRenderer.Layout - contentSize: {180 136.92188}
[DEBUG] mediaCardRenderer.Layout - received size: {180 180}
[DEBUG] mediaCardRenderer.Layout - contentSize: {180 136.92188}
[DEBUG] mediaCardRenderer.Layout - received size: {180 180}
[DEBUG] mediaCardRenderer.Layout - contentSize: {180 136.92188}
[DEBUG] mediaCardRenderer.Layout - received size: {180 180}
[DEBUG] mediaCardRenderer.Layout - contentSize: {180 136.92188}
[DEBUG] mediaCardRenderer.Layout - received size: {180 180}
[DEBUG] mediaCardRenderer.Layout - contentSize: {180 136.92188}
[DEBUG] mediaCardRenderer.Layout - received size: {180 180}
[DEBUG] mediaCardRenderer.Layout - contentSize: {180 136.92188}
[DEBUG] mediaCardRenderer.Layout - received size: {180 180}
[DEBUG] mediaCardRenderer.Layout - contentSize: {180 136.92188}
[DEBUG] mediaCardRenderer.Layout - received size: {180 180}
[DEBUG] mediaCardRenderer.Layout - contentSize: {180 136.92188}
[DEBUG] mediaCardRenderer.Layout - received size: {180 180}
[DEBUG] mediaCardRenderer.Layout - contentSize: {180 136.92188}
[DEBUG] mediaCardRenderer.Layout - received size: {180 180}
[DEBUG] mediaCardRenderer.Layout - contentSize: {180 136.92188}
[DEBUG] mediaCardRenderer.Layout - received size: {180 180}
[DEBUG] mediaCardRenderer.Layout - contentSize: {180 136.92188}
[DEBUG] mediaCardRenderer.Layout - received size: {180 180}
[DEBUG] mediaCardRenderer.Layout - contentSize: {180 136.92188}
[DEBUG] mediaCardRenderer.Layout - received size: {180 180}
[DEBUG] mediaCardRenderer.Layout - contentSize: {180 136.92188}
[DEBUG] mediaCardRenderer.Layout - received size: {180 180}
[DEBUG] mediaCardRenderer.Layout - contentSize: {180 136.92188}
[DEBUG] mediaCardRenderer.Layout - received size: {180 180}
[DEBUG] mediaCardRenderer.Layout - contentSize: {180 136.92188}
[DEBUG] mediaCardRenderer.Layout - received size: {180 180}
[DEBUG] mediaCardRenderer.Layout - contentSize: {180 136.92188}
[DEBUG] mediaCardRenderer.Layout - received size: {180 180}
[DEBUG] mediaCardRenderer.Layout - contentSize: {180 136.92188}
[DEBUG] mediaCardRenderer.Layout - received size: {180 180}
[DEBUG] mediaCardRenderer.Layout - contentSize: {180 136.92188}
[DEBUG] mediaCardRenderer.Layout - received size: {180 180}
[DEBUG] mediaCardRenderer.Layout - contentSize: {180 136.92188}
[DEBUG] mediaCardRenderer.Layout - received size: {180 180}
[DEBUG] mediaCardRenderer.Layout - contentSize: {180 136.92188}
[DEBUG] mediaCardRenderer.Layout - received size: {180 180}
[DEBUG] mediaCardRenderer.Layout - contentSize: {180 136.92188}
[DEBUG] mediaCardRenderer.Layout - received size: {180 180}
[DEBUG] mediaCardRenderer.Layout - contentSize: {180 136.92188}
[DEBUG] mediaCardRenderer.Layout - received size: {180 180}
[DEBUG] mediaCardRenderer.Layout - contentSize: {180 136.92188}
[DEBUG] mediaCardRenderer.Layout - received size: {180 180}
[DEBUG] mediaCardRenderer.Layout - contentSize: {180 136.92188}
[DEBUG] mediaCardRenderer.Layout - received size: {180 180}
[DEBUG] mediaCardRenderer.Layout - contentSize: {180 136.92188}
[DEBUG] mediaCardRenderer.Layout - received size: {180 180}
[DEBUG] mediaCardRenderer.Layout - contentSize: {180 136.92188}
[DEBUG] mediaCardRenderer.Layout - received size: {180 180}
[DEBUG] mediaCardRenderer.Layout - contentSize: {180 136.92188}
[DEBUG] mediaCardRenderer.Layout - received size: {180 180}
[DEBUG] mediaCardRenderer.Layout - contentSize: {180 136.92188}
[DEBUG] mediaCardRenderer.Layout - received size: {180 180}
[DEBUG] mediaCardRenderer.Layout - contentSize: {180 136.92188}
[DEBUG] mediaCardRenderer.Layout - received size: {180 180}
[DEBUG] mediaCardRenderer.Layout - contentSize: {180 136.92188}
[DEBUG] mediaCardRenderer.Layout - received size: {180 180}
[DEBUG] mediaCardRenderer.Layout - contentSize: {180 136.92188}
[DEBUG] mediaCardRenderer.Layout - received size: {180 180}
[DEBUG] mediaCardRenderer.Layout - contentSize: {180 136.92188}
[DEBUG] mediaCardRenderer.Layout - received size: {180 180}
[DEBUG] mediaCardRenderer.Layout - contentSize: {180 136.92188}
[DEBUG] mediaCardRenderer.Layout - received size: {180 180}
[DEBUG] mediaCardRenderer.Layout - contentSize: {180 136.92188}
[DEBUG] mediaCardRenderer.Layout - received size: {180 180}
[DEBUG] mediaCardRenderer.Layout - contentSize: {180 136.92188}
[DEBUG] mediaCardRenderer.Layout - received size: {180 180}
[DEBUG] mediaCardRenderer.Layout - contentSize: {180 136.92188}
[DEBUG] mediaCardRenderer.Layout - received size: {180 180}
[DEBUG] mediaCardRenderer.Layout - contentSize: {180 136.92188}
[DEBUG] mediaCardRenderer.Layout - received size: {180 180}
[DEBUG] mediaCardRenderer.Layout - contentSize: {180 136.92188}
[DEBUG] mediaCardRenderer.Layout - received size: {180 180}
[DEBUG] mediaCardRenderer.Layout - contentSize: {180 136.92188}
[DEBUG] mediaCardRenderer.Layout - received size: {180 180}
[DEBUG] mediaCardRenderer.Layout - contentSize: {180 136.92188}
[DEBUG] mediaCardRenderer.Layout - received size: {180 180}
[DEBUG] mediaCardRenderer.Layout - contentSize: {180 136.92188}
[DEBUG] mediaCardRenderer.Layout - received size: {180 180}
[DEBUG] mediaCardRenderer.Layout - contentSize: {180 136.92188}
[DEBUG] mediaCardRenderer.Layout - received size: {180 180}
[DEBUG] mediaCardRenderer.Layout - contentSize: {180 136.92188}
[DEBUG] mediaCardRenderer.Layout - received size: {180 180}
[DEBUG] mediaCardRenderer.Layout - contentSize: {180 136.92188}
[DEBUG] mediaCardRenderer.Layout - received size: {180 180}
[DEBUG] mediaCardRenderer.Layout - contentSize: {180 136.92188}
[DEBUG] mediaCardRenderer.Layout - received size: {180 180}
[DEBUG] mediaCardRenderer.Layout - contentSize: {180 136.92188}
[DEBUG] mediaCardRenderer.Layout - received size: {180 180}
[DEBUG] mediaCardRenderer.Layout - contentSize: {180 136.92188}
[DEBUG] mediaCardRenderer.Layout - received size: {180 180}
[DEBUG] mediaCardRenderer.Layout - contentSize: {180 136.92188}
[DEBUG] mediaCardRenderer.Layout - received size: {180 180}
[DEBUG] mediaCardRenderer.Layout - contentSize: {180 136.92188}
[DEBUG] mediaCardRenderer.Layout - received size: {180 180}
[DEBUG] mediaCardRenderer.Layout - contentSize: {180 136.92188}
[DEBUG] mediaCardRenderer.Layout - received size: {180 180}
[DEBUG] mediaCardRenderer.Layout - contentSize: {180 136.92188}
[DEBUG] mediaCardRenderer.Layout - received size: {180 180}
[DEBUG] mediaCardRenderer.Layout - contentSize: {180 136.92188}
[DEBUG] mediaCardRenderer.Layout - received size: {180 180}
[DEBUG] mediaCardRenderer.Layout - contentSize: {180 136.92188}
[DEBUG] mediaCardRenderer.Layout - received size: {180 180}
[DEBUG] mediaCardRenderer.Layout - contentSize: {180 136.92188}
[DEBUG] mediaCardRenderer.Layout - received size: {180 180}
[DEBUG] mediaCardRenderer.Layout - contentSize: {180 136.92188}
[DEBUG] mediaCardRenderer.Layout - received size: {180 180}
[DEBUG] mediaCardRenderer.Layout - contentSize: {180 136.92188}
[DEBUG] mediaCardRenderer.Layout - received size: {180 180}
[DEBUG] mediaCardRenderer.Layout - contentSize: {180 136.92188}
[DEBUG] mediaCardRenderer.Layout - received size: {180 180}
[DEBUG] mediaCardRenderer.Layout - contentSize: {180 136.92188}
[DEBUG] mediaCardRenderer.Layout - received size: {180 180}
[DEBUG] mediaCardRenderer.Layout - contentSize: {180 136.92188}
[DEBUG] mediaCardRenderer.Layout - received size: {180 180}
[DEBUG] mediaCardRenderer.Layout - contentSize: {180 136.92188}
[DEBUG] mediaCardRenderer.Layout - received size: {180 180}
[DEBUG] mediaCardRenderer.Layout - contentSize: {180 136.92188}
[DEBUG] mediaCardRenderer.Layout - received size: {180 180}
[DEBUG] mediaCardRenderer.Layout - contentSize: {180 136.92188}
[DEBUG] mediaCardRenderer.Layout - received size: {180 180}
[DEBUG] mediaCardRenderer.Layout - contentSize: {180 136.92188}
[DEBUG] mediaCardRenderer.Layout - received size: {180 180}
[DEBUG] mediaCardRenderer.Layout - contentSize: {180 136.92188}
[DEBUG] mediaCardRenderer.Layout - received size: {180 180}
[DEBUG] mediaCardRenderer.Layout - contentSize: {180 136.92188}
[DEBUG] mediaCardRenderer.Layout - received size: {180 180}
[DEBUG] mediaCardRenderer.Layout - contentSize: {180 136.92188}
[DEBUG] mediaCardRenderer.Layout - received size: {180 180}
[DEBUG] mediaCardRenderer.Layout - contentSize: {180 136.92188}
[DEBUG] mediaCardRenderer.Layout - received size: {180 180}
[DEBUG] mediaCardRenderer.Layout - contentSize: {180 136.92188}
[DEBUG] mediaCardRenderer.Layout - received size: {180 180}
[DEBUG] mediaCardRenderer.Layout - contentSize: {180 136.92188}
[DEBUG] mediaCardRenderer.Layout - received size: {180 180}
[DEBUG] mediaCardRenderer.Layout - contentSize: {180 136.92188}
[DEBUG] mediaCardRenderer.Layout - received size: {180 180}
[DEBUG] mediaCardRenderer.Layout - contentSize: {180 136.92188}
[DEBUG] mediaCardRenderer.Layout - received size: {180 180}
[DEBUG] mediaCardRenderer.Layout - contentSize: {180 136.92188}
[DEBUG] mediaCardRenderer.Layout - received size: {180 180}
[DEBUG] mediaCardRenderer.Layout - contentSize: {180 136.92188}
[DEBUG] mediaCardRenderer.Layout - received size: {180 180}
[DEBUG] mediaCardRenderer.Layout - contentSize: {180 136.92188}
[DEBUG] mediaCardRenderer.Layout - received size: {180 180}
[DEBUG] mediaCardRenderer.Layout - contentSize: {180 136.92188}
[DEBUG] mediaCardRenderer.Layout - received size: {180 180}
[DEBUG] mediaCardRenderer.Layout - contentSize: {180 136.92188}
[DEBUG] mediaCardRenderer.Layout - received size: {180 180}
[DEBUG] mediaCardRenderer.Layout - contentSize: {180 136.92188}
[DEBUG] mediaCardRenderer.Layout - received size: {180 180}
[DEBUG] mediaCardRenderer.Layout - contentSize: {180 136.92188}
[DEBUG] mediaCardRenderer.Layout - received size: {180 180}
[DEBUG] mediaCardRenderer.Layout - contentSize: {180 136.92188}
[DEBUG] mediaCardRenderer.Layout - received size: {180 180}
[DEBUG] mediaCardRenderer.Layout - contentSize: {180 136.92188}
[DEBUG] mediaCardRenderer.Layout - received size: {180 180}
[DEBUG] mediaCardRenderer.Layout - contentSize: {180 136.92188}
[DEBUG] mediaCardRenderer.Layout - received size: {180 180}
[DEBUG] mediaCardRenderer.Layout - contentSize: {180 136.92188}
[DEBUG] mediaCardRenderer.Layout - received size: {180 180}
[DEBUG] mediaCardRenderer.Layout - contentSize: {180 136.92188}
[DEBUG] mediaCardRenderer.Layout - received size: {180 180}
[DEBUG] mediaCardRenderer.Layout - contentSize: {180 136.92188}
[DEBUG] mediaCardRenderer.Layout - received size: {180 180}
[DEBUG] mediaCardRenderer.Layout - contentSize: {180 136.92188}
[DEBUG] mediaCardRenderer.Layout - received size: {180 180}
[DEBUG] mediaCardRenderer.Layout - contentSize: {180 136.92188}
[DEBUG] mediaCardRenderer.Layout - received size: {180 180}
[DEBUG] mediaCardRenderer.Layout - contentSize: {180 136.92188}
[DEBUG] mediaCardRenderer.Layout - received size: {180 180}
[DEBUG] mediaCardRenderer.Layout - contentSize: {180 136.92188}
[DEBUG] mediaCardRenderer.Layout - received size: {180 180}
[DEBUG] mediaCardRenderer.Layout - contentSize: {180 136.92188}
[DEBUG] mediaCardRenderer.Layout - received size: {180 180}
[DEBUG] mediaCardRenderer.Layout - contentSize: {180 136.92188}
[DEBUG] mediaCardRenderer.Layout - received size: {180 180}
[DEBUG] mediaCardRenderer.Layout - contentSize: {180 136.92188}
[DEBUG] mediaCardRenderer.Layout - received size: {180 180}
[DEBUG] mediaCardRenderer.Layout - contentSize: {180 136.92188}
[DEBUG] mediaCardRenderer.Layout - received size: {180 180}
[DEBUG] mediaCardRenderer.Layout - contentSize: {180 136.92188}
[ERROR] ffmpeg failed to generate thumbnail for /home/josh/media-manager/library-screenshot.png: exec: no command
[ffmpeg stderr]: 

[ERROR] ffmpeg failed to generate thumbnail for /home/josh/media-manager/library-screenshot.png: exec: no command
[ffmpeg stderr]: 

[ERROR] ffmpeg failed to generate thumbnail for /home/josh/media-manager/library-with-poster-button.png: exec: no command
[ffmpeg stderr]: 

[ERROR] ffmpeg failed to generate thumbnail for /home/josh/media-manager/search-approved-screenshot.png: exec: no command
[ffmpeg stderr]: 

[ERROR] ffmpeg failed to generate thumbnail for /home/josh/media-manager/library-fixed-screenshot.png: exec: no command
[ffmpeg stderr]: 

[ERROR] ffmpeg failed to generate thumbnail for /home/josh/media-manager/search-screenshot.png: exec: no command
[ffmpeg stderr]: 

[ERROR] ffmpeg failed to generate thumbnail for /home/josh/media-manager/poster-refresh-success.png: exec: no command
[ffmpeg stderr]: 

[ERROR] ffmpeg failed to generate thumbnail for /home/josh/media-manager/localhost-8083-screenshot.png: exec: no command
[ffmpeg stderr]: 

[ERROR] ffmpeg failed to generate thumbnail for /home/josh/media-manager/search-approved-with-missing-poster.png: exec: no command
[ffmpeg stderr]: 

[ERROR] ffmpeg failed to generate thumbnail for /home/josh/media-manager/search-posters-fixed.png: exec: no command
[ffmpeg stderr]: 

[ERROR] ffmpeg failed to generate thumbnail for /home/josh/media-manager/library-final-screenshot.png: exec: no command
[ffmpeg stderr]: 

[ERROR] ffmpeg failed to generate thumbnail for /home/josh/media-manager/library-screenshot.png: exec: no command
[ffmpeg stderr]: 

[ERROR] ffmpeg failed to generate thumbnail for /home/josh/media-manager/library-final-screenshot.png: exec: no command
[ffmpeg stderr]: 

[ERROR] ffmpeg failed to generate thumbnail for /home/josh/media-manager/library-screenshot.png: exec: no command
[ffmpeg stderr]: 

[ERROR] ffmpeg failed to generate thumbnail for /home/josh/media-manager/localhost-8083-screenshot.png: exec: no command
[ffmpeg stderr]: 

[ERROR] ffmpeg failed to generate thumbnail for /home/josh/media-manager/library-with-poster-button.png: exec: no command
[ffmpeg stderr]: 

[ERROR] ffmpeg failed to generate thumbnail for /home/josh/media-manager/library-fixed-screenshot.png: exec: no command
[ffmpeg stderr]: 

[ERROR] ffmpeg failed to generate thumbnail for /home/josh/media-manager/poster-refresh-success.png: exec: no command
[ffmpeg stderr]: 

[ERROR] ffmpeg failed to generate thumbnail for /home/josh/media-manager/search-approved-screenshot.png: exec: no command
[ffmpeg stderr]: 

[ERROR] ffmpeg failed to generate thumbnail for /home/josh/media-manager/search-posters-fixed.png: exec: no command
[ffmpeg stderr]: 

[ERROR] ffmpeg failed to generate thumbnail for /home/josh/media-manager/search-screenshot.png: exec: no command
[ffmpeg stderr]: 

[ERROR] ffmpeg failed to generate thumbnail for /home/josh/media-manager/search-approved-with-missing-poster.png: exec: no command
[ffmpeg stderr]: 

[ERROR] ffmpeg failed to generate GIF for /mnt/media/_/anal/AssParade.22.06.06.Kiara.Lord.XXX.1080p.HEVC.x265.PRT.mkv: exec: no command
[ffmpeg stderr]: 

[ERROR] ffmpeg failed to generate GIF for /mnt/media/_/anal/AnalMom.23.06.05.Armani.Black.Begging.For.Anal.XXX.1080p.HEVC.x265.PRT.mkv: exec: no command
[ffmpeg stderr]: 

[ERROR] ffmpeg failed to generate GIF for /mnt/media/_/anal/AssParade.22.08.08.Kristy.Black.And.Marina.May.XXX.1080p.HEVC.x265.PRT.mkv: exec: no command
[ffmpeg stderr]: 

[ERROR] ffmpeg failed to generate GIF for /mnt/media/_/anal/AssParade.24.01.15.Thayana.Babyy.XXX.1080p.HEVC.x265.PRT.mkv: exec: no command
[ffmpeg stderr]: 

[ERROR] ffmpeg failed to generate GIF for /mnt/media/_/anal/AssParade.24.07.22.Vitoria.Beatriz.XXX.1080p.HEVC.x265.PRT.mkv: exec: no command
[ffmpeg stderr]: 

[ERROR] ffmpeg failed to generate GIF for /mnt/media/_/anal/Bang.Rammed.23.10.05.Lily.Lou.XXX.1080p.HEVC.x265.PRT.mkv: exec: no command
[ffmpeg stderr]: 

[ERROR] ffmpeg failed to generate GIF for /mnt/media/_/anal/BigWetButts.12.03.23.Julie.Cash.mp4: exec: no command
[ffmpeg stderr]: 

[ERROR] ffmpeg failed to generate GIF for /mnt/media/_/anal/BrazzersExxtra.23.06.22.Jessie.Rogers.Kitchen.Cutie.Serves.Sneaky.Anal.XXX.1080p.HEVC.x265.PRT.mkv: exec: no command
[ffmpeg stderr]: 

[ERROR] ffmpeg failed to generate GIF for /mnt/media/_/anal/BrazzersExxtra.23.11.14.Luna.Star.And.Gem.Jewels.Winning.Him.Back.With.Anal.XXX.1080p.HEVC.x265.PRT.mkv: exec: no command
[ffmpeg stderr]: 

[ERROR] ffmpeg failed to generate GIF for /mnt/media/_/anal/BrazzersExxtra.24.06.22.Lily.Lou.Wedding.Night.Stuffing.XXX.1080p.HEVC.x265.PRT.mkv: exec: no command
[ffmpeg stderr]: 

[ERROR] ffmpeg failed to generate GIF for /mnt/media/_/anal/BrazzersExxtra.24.07.24.Lily.Lou.Better.Make.It.Rough.Her.Pussys.Angry.XXX.1080p.HEVC.x265.PRT.mkv: exec: no command
[ffmpeg stderr]: 

[ERROR] ffmpeg failed to generate GIF for /mnt/media/_/anal/ElegantAngel.24.07.29.Jessie.Rogers.Amped.Up.Anal.XXX.1080p.HEVC.x265.PRT.mkv: exec: no command
[ffmpeg stderr]: 

[ERROR] ffmpeg failed to generate GIF for /mnt/media/_/anal/ExploitedCollegeGirls - I Want Anal Am I Breaking the Rules.mp4: exec: no command
[ffmpeg stderr]: 

[ERROR] ffmpeg failed to generate GIF for /mnt/media/_/anal/HardX.22.01.01.Lily.Lou.Lilys.Anal.Pounding.XXX.1080p.HEVC.x265.PRT.mkv: exec: no command
[ffmpeg stderr]: 

[ERROR] ffmpeg failed to generate GIF for /mnt/media/_/anal/LoveHerAss.24.08.07.Sandra.Sweet.Blonde.Juggs.And.Anal.XXX.1080p.HEVC.x265.PRT.mkv: exec: no command
[ffmpeg stderr]: 

[ERROR] ffmpeg failed to generate GIF for /mnt/media/_/anal/SneakySex.23.10.15.Tommy.King.Morning.Jog.Means.Anal.Fun.XXX.1080p.HEVC.x265.PRT.mkv: exec: no command
[ffmpeg stderr]: 

[ERROR] ffmpeg failed to generate GIF for /mnt/media/_/anal/[HardX] (Ariana Marie) Ariana Loves Anal XXX (2018) (1080p HEVC) [GhostFreakXX].mp4: exec: no command
[ffmpeg stderr]: 

[ERROR] ffmpeg failed to generate GIF for /mnt/media/_/anal/analmom.25.12.12.miss.raquel.mp4: exec: no command
[ffmpeg stderr]: 

[ERROR] ffmpeg failed to generate GIF for /mnt/media/_/anal/assparade.23.09.04.tommy.king.mp4: exec: no command
[ffmpeg stderr]: 

[ERROR] ffmpeg failed to generate GIF for /mnt/media/_/anal/assparade.24.06.17.xwife.karen.mp4: exec: no command
[ffmpeg stderr]: 

[ERROR] ffmpeg failed to generate GIF for /mnt/media/_/anal/assparade.24.12.02.willow.ryder.mp4: exec: no command
[ffmpeg stderr]: 

[ERROR] ffmpeg failed to generate GIF for /mnt/media/_/anal/assparade.25.03.24.katty.soarez.mp4: exec: no command
[ffmpeg stderr]: 

[ERROR] ffmpeg failed to generate GIF for /mnt/media/_/anal/backdoorpov.20.12.06.rebecca.volpetti.the.crime.lords.lover.mp4: exec: no command
[ffmpeg stderr]: 

[ERROR] ffmpeg failed to generate GIF for /mnt/media/_/anal/brazzersexxtra.23.12.28.lily.lou.dads.friend.trains.my.ass.mp4: exec: no command
[ffmpeg stderr]: 

[ERROR] ffmpeg failed to generate GIF for /mnt/media/_/anal/brazzersexxtra.24.11.04.nichole.saphir.tattooed.bombshells.gaping.anal.mp4: exec: no command
[ffmpeg stderr]: 

[ERROR] ffmpeg failed to generate GIF for /mnt/media/_/anal/brazzersexxtra.25.02.24.yhivi.unzip.and.slip.into.her.ass.mp4: exec: no command
[ffmpeg stderr]: 

[ERROR] ffmpeg failed to generate GIF for /mnt/media/_/anal/brazzersexxtra.25.06.05.anal.delight.the.best.of.anal.creampies.mp4: exec: no command
[ffmpeg stderr]: 

[ERROR] ffmpeg failed to generate GIF for /mnt/media/_/anal/brazzersexxtra.25.03.06.nichole.saphir.she.said.yes.to.anal.mp4: exec: no command
[ffmpeg stderr]: 

[ERROR] ffmpeg failed to generate GIF for /mnt/media/_/anal/brazzersexxtra.25.07.09.stella.luxx.you.had.oily.anal.in.my.bed.mp4: exec: no command
[ffmpeg stderr]: 

[ERROR] ffmpeg failed to generate GIF for /mnt/media/_/anal/brazzersexxtra.25.06.24.violet.myers.anal.exam.mp4: exec: no command
[ffmpeg stderr]: 

[ERROR] ffmpeg failed to generate GIF for /mnt/media/_/anal/brazzersexxtra.25.09.26.sarah.arabic.sarahs.first.anal.mp4: exec: no command
[ffmpeg stderr]: 

[ERROR] ffmpeg failed to generate GIF for /mnt/media/_/anal/brazzersexxtra.25.08.26.brandy.salazar.the.joi.of.anal.mp4: exec: no command
[ffmpeg stderr]: 

[ERROR] ffmpeg failed to generate GIF for /mnt/media/_/anal/brazzersexxtra.25.10.13.ny.ny.lew.naughty.ny.ny.mp4: exec: no command
[ffmpeg stderr]: 

[ERROR] ffmpeg failed to generate GIF for /mnt/media/_/anal/bwb.13.06.28.christy.mack.wet.and.wild.whooty.mp4: exec: no command
[ffmpeg stderr]: 

[ERROR] ffmpeg failed to generate GIF for /mnt/media/_/anal/brazzersexxtra.25.11.02.sarah.arabic.anal.doesnt.count.mp4: exec: no command
[ffmpeg stderr]: 

[ERROR] ffmpeg failed to generate GIF for /mnt/media/_/anal/elegantangel.24.11.06.jesse.pony.electric.anal.xxx.mp4: exec: no command
[ffmpeg stderr]: 

[ERROR] ffmpeg failed to generate GIF for /mnt/media/_/anal/elegantangel.25.03.07.jessie.rogers.plush.anal.xxx.mp4: exec: no command
[ffmpeg stderr]: 

[ERROR] ffmpeg failed to generate GIF for /mnt/media/_/anal/elegantangel.25.03.19.jenna.starr.thick.anal.throwdown.xxx.mp4: exec: no command
[ffmpeg stderr]: 

[ERROR] ffmpeg failed to generate GIF for /mnt/media/_/anal/elegantangel.25.04.04.nicole.aria.big.butt.insanity.xxx.mp4: exec: no command
[ffmpeg stderr]: 

[ERROR] ffmpeg failed to generate GIF for /mnt/media/_/anal/elegantangel.25.06.11.luna.legend.legendary.anal.xxx.mp4: exec: no command
[ffmpeg stderr]: 

[ERROR] ffmpeg failed to generate GIF for /mnt/media/_/anal/elegantangel.25.11.03.lucy.lotus.lay.it.on.thick.xxx.mp4: exec: no command
[ffmpeg stderr]: 

[ERROR] ffmpeg failed to generate GIF for /mnt/media/_/anal/evilangel.25.03.17.luna.legend.mp4: exec: no command
[ffmpeg stderr]: 

[ERROR] ffmpeg failed to generate GIF for /mnt/media/_/anal/evilangel.25.06.19.jennifer.mendez.and.nuria.millan.mp4: exec: no command
[ffmpeg stderr]: 

[ERROR] ffmpeg failed to generate GIF for /mnt/media/_/anal/evilangel.25.09.20.luna.legend.mp4: exec: no command
[ffmpeg stderr]: 

[ERROR] ffmpeg failed to generate GIF for /mnt/media/_/anal/evilangel.25.11.21.lucy.lotus.mp4: exec: no command
[ffmpeg stderr]: 

[ERROR] ffmpeg failed to generate GIF for /mnt/media/_/anal/evilangel.25.12.06.april.bigass.mp4: exec: no command
[ffmpeg stderr]: 

[ERROR] ffmpeg failed to generate GIF for /mnt/media/_/anal/freeusemilf.25.06.03.lexi.nicole.mp4: exec: no command
[ffmpeg stderr]: 

[ERROR] ffmpeg failed to generate GIF for /mnt/media/_/anal/herlimit.24.08.26.cassidy.luxe.rough.anal.makes.college.girl.scream.xxx.mp4: exec: no command
[ffmpeg stderr]: 

[ERROR] ffmpeg failed to generate GIF for /mnt/media/_/anal/holed.25.10.17.mercedes.mac.rear.entrance.mp4: exec: no command
[ffmpeg stderr]: 

[ERROR] ffmpeg failed to generate GIF for /mnt/media/_/anal/itsanal.24.10.03.charlotte.sins.perfect.body.and.shes.an.anal.slut.mp4: exec: no command
[ffmpeg stderr]: 

[ERROR] ffmpeg failed to generate GIF for /mnt/media/_/anal/julesjordan.25.04.25.lucy.lotus.big.booty.vixen.lotus.has.an.anal.obsession.xxx.mp4: exec: no command
[ffmpeg stderr]: 

[ERROR] ffmpeg failed to generate GIF for /mnt/media/_/anal/lewd-mfhm901avaaddams.mp4: exec: no command
[ffmpeg stderr]: 

[ERROR] ffmpeg failed to generate GIF for /mnt/media/_/anal/onlyfans.2024.yiny.leon.red.high.heels.anal.xxx.mp4: exec: no command
[ffmpeg stderr]: 

[ERROR] ffmpeg failed to generate GIF for /mnt/media/_/anal/onlyfans.2025.sophie.tyler.anal.xxx.mp4: exec: no command
[ffmpeg stderr]: 

[ERROR] ffmpeg failed to generate GIF for /mnt/media/_/anal/onlyfans.24.12.09.violet.ren.and.hotsaucepov.anal.slut.xxx.mp4: exec: no command
[ffmpeg stderr]: 

[ERROR] ffmpeg failed to generate GIF for /mnt/media/_/anal/pornworld.25.10.05.tommy.king.mp4: exec: no command
[ffmpeg stderr]: 

[ERROR] ffmpeg failed to generate GIF for /mnt/media/_/anal/rkprime.25.04.29.jesse.ames.cosplay.roommate.does.anal.mp4: exec: no command
[ffmpeg stderr]: 

[ERROR] ffmpeg failed to generate GIF for /mnt/media/_/anal/slutinspection.25.01.04.gia.lovely.tatted.anal.cumslut.mp4: exec: no command
[ffmpeg stderr]: 

[ERROR] ffmpeg failed to generate GIF for /mnt/media/_/anal/tushy.23.10.15.tommy.king.mp4: exec: no command
[ffmpeg stderr]: 

[ERROR] ffmpeg failed to generate GIF for /mnt/media/_/anal/tushyraw.25.10.12.vanessa.sky.naughty.smokeshow.gets.her.round.ass.stretched.xxx.mp4: exec: no command
[ffmpeg stderr]: 

[ERROR] ffmpeg failed to generate GIF for /mnt/media/_/anal/xvideosred.24.01.21.cassidy.luxe.valerica.steele.tattoo.anal.lover.gets.fucked.with.big.dick.while.sharing.it.with.xxx.mp4: exec: no command
[ffmpeg stderr]: 

[ERROR] ffmpeg failed to generate GIF for /mnt/media/_/anal/AssParade.22.08.08.Kristy.Black.And.Marina.May.XXX.1080p.HEVC.x265.PRT.mkv: exec: no command
[ffmpeg stderr]: 

[ERROR] ffmpeg failed to generate GIF for /mnt/media/_/anal/AssParade.24.01.15.Thayana.Babyy.XXX.1080p.HEVC.x265.PRT.mkv: exec: no command
[ffmpeg stderr]: 

[ERROR] ffmpeg failed to generate GIF for /mnt/media/_/anal/AssParade.24.07.22.Vitoria.Beatriz.XXX.1080p.HEVC.x265.PRT.mkv: exec: no command
[ffmpeg stderr]: 

[ERROR] ffmpeg failed to generate GIF for /mnt/media/_/anal/AnalMom.23.06.05.Armani.Black.Begging.For.Anal.XXX.1080p.HEVC.x265.PRT.mkv: exec: no command
[ffmpeg stderr]: 

[ERROR] ffmpeg failed to generate GIF for /mnt/media/_/anal/AssParade.22.06.06.Kiara.Lord.XXX.1080p.HEVC.x265.PRT.mkv: exec: no command
[ffmpeg stderr]: 

[ERROR] ffmpeg failed to generate GIF for /mnt/media/_/anal/BrazzersExxtra.24.06.22.Lily.Lou.Wedding.Night.Stuffing.XXX.1080p.HEVC.x265.PRT.mkv: exec: no command
[ffmpeg stderr]: 

[ERROR] ffmpeg failed to generate GIF for /mnt/media/_/anal/BigWetButts.12.03.23.Julie.Cash.mp4: exec: no command
[ffmpeg stderr]: 

[ERROR] ffmpeg failed to generate GIF for /mnt/media/_/anal/ElegantAngel.24.07.29.Jessie.Rogers.Amped.Up.Anal.XXX.1080p.HEVC.x265.PRT.mkv: exec: no command
[ffmpeg stderr]: 

[ERROR] ffmpeg failed to generate GIF for /mnt/media/_/anal/BrazzersExxtra.23.06.22.Jessie.Rogers.Kitchen.Cutie.Serves.Sneaky.Anal.XXX.1080p.HEVC.x265.PRT.mkv: exec: no command
[ffmpeg stderr]: 

[ERROR] ffmpeg failed to generate GIF for /mnt/media/_/anal/Bang.Rammed.23.10.05.Lily.Lou.XXX.1080p.HEVC.x265.PRT.mkv: exec: no command
[ffmpeg stderr]: 

[ERROR] ffmpeg failed to generate GIF for /mnt/media/_/anal/BrazzersExxtra.23.11.14.Luna.Star.And.Gem.Jewels.Winning.Him.Back.With.Anal.XXX.1080p.HEVC.x265.PRT.mkv: exec: no command
[ffmpeg stderr]: 

[ERROR] ffmpeg failed to generate GIF for /mnt/media/_/anal/BrazzersExxtra.24.07.24.Lily.Lou.Better.Make.It.Rough.Her.Pussys.Angry.XXX.1080p.HEVC.x265.PRT.mkv: exec: no command
[ffmpeg stderr]: 

[ERROR] ffmpeg failed to generate GIF for /mnt/media/_/anal/analmom.25.12.12.miss.raquel.mp4: exec: no command
[ffmpeg stderr]: 

[ERROR] ffmpeg failed to generate GIF for /mnt/media/_/anal/ExploitedCollegeGirls - I Want Anal Am I Breaking the Rules.mp4: exec: no command
[ffmpeg stderr]: 

[ERROR] ffmpeg failed to generate GIF for /mnt/media/_/anal/SneakySex.23.10.15.Tommy.King.Morning.Jog.Means.Anal.Fun.XXX.1080p.HEVC.x265.PRT.mkv: exec: no command
[ffmpeg stderr]: 

[ERROR] ffmpeg failed to generate GIF for /mnt/media/_/anal/assparade.23.09.04.tommy.king.mp4: exec: no command
[ffmpeg stderr]: 

[ERROR] ffmpeg failed to generate GIF for /mnt/media/_/anal/[HardX] (Ariana Marie) Ariana Loves Anal XXX (2018) (1080p HEVC) [GhostFreakXX].mp4: exec: no command
[ffmpeg stderr]: 

[ERROR] ffmpeg failed to generate GIF for /mnt/media/_/anal/HardX.22.01.01.Lily.Lou.Lilys.Anal.Pounding.XXX.1080p.HEVC.x265.PRT.mkv: exec: no command
[ffmpeg stderr]: 

[ERROR] ffmpeg failed to generate GIF for /mnt/media/_/anal/LoveHerAss.24.08.07.Sandra.Sweet.Blonde.Juggs.And.Anal.XXX.1080p.HEVC.x265.PRT.mkv: exec: no command
[ffmpeg stderr]: 

[ERROR] ffmpeg failed to generate GIF for /mnt/media/_/anal/backdoorpov.20.12.06.rebecca.volpetti.the.crime.lords.lover.mp4: exec: no command
[ffmpeg stderr]: 

[ERROR] ffmpeg failed to generate GIF for /mnt/media/_/anal/brazzersexxtra.25.06.24.violet.myers.anal.exam.mp4: exec: no command
[ffmpeg stderr]: 

[ERROR] ffmpeg failed to generate GIF for /mnt/media/_/anal/assparade.24.06.17.xwife.karen.mp4: exec: no command
[ffmpeg stderr]: 

[ERROR] ffmpeg failed to generate GIF for /mnt/media/_/anal/brazzersexxtra.25.06.05.anal.delight.the.best.of.anal.creampies.mp4: exec: no command
[ffmpeg stderr]: 

[ERROR] ffmpeg failed to generate GIF for /mnt/media/_/anal/brazzersexxtra.25.03.06.nichole.saphir.she.said.yes.to.anal.mp4: exec: no command
[ffmpeg stderr]: 

[ERROR] ffmpeg failed to generate GIF for /mnt/media/_/anal/assparade.25.03.24.katty.soarez.mp4: exec: no command
[ffmpeg stderr]: 

[ERROR] ffmpeg failed to generate GIF for /mnt/media/_/anal/brazzersexxtra.23.12.28.lily.lou.dads.friend.trains.my.ass.mp4: exec: no command
[ffmpeg stderr]: 

[ERROR] ffmpeg failed to generate GIF for /mnt/media/_/anal/assparade.24.12.02.willow.ryder.mp4: exec: no command
[ffmpeg stderr]: 

[ERROR] ffmpeg failed to generate GIF for /mnt/media/_/anal/brazzersexxtra.25.10.13.ny.ny.lew.naughty.ny.ny.mp4: exec: no command
[ffmpeg stderr]: 

[ERROR] ffmpeg failed to generate GIF for /mnt/media/_/anal/brazzersexxtra.24.11.04.nichole.saphir.tattooed.bombshells.gaping.anal.mp4: exec: no command
[ffmpeg stderr]: 

[ERROR] ffmpeg failed to generate GIF for /mnt/media/_/anal/brazzersexxtra.25.08.26.brandy.salazar.the.joi.of.anal.mp4: exec: no command
[ffmpeg stderr]: 

[ERROR] ffmpeg failed to generate GIF for /mnt/media/_/anal/brazzersexxtra.25.11.02.sarah.arabic.anal.doesnt.count.mp4: exec: no command
[ffmpeg stderr]: 

[ERROR] ffmpeg failed to generate GIF for /mnt/media/_/anal/brazzersexxtra.25.02.24.yhivi.unzip.and.slip.into.her.ass.mp4: exec: no command
[ffmpeg stderr]: 

[ERROR] ffmpeg failed to generate GIF for /mnt/media/_/anal/brazzersexxtra.25.07.09.stella.luxx.you.had.oily.anal.in.my.bed.mp4: exec: no command
[ffmpeg stderr]: 

[ERROR] ffmpeg failed to generate GIF for /mnt/media/_/anal/brazzersexxtra.25.09.26.sarah.arabic.sarahs.first.anal.mp4: exec: no command
[ffmpeg stderr]: 

[ERROR] ffmpeg failed to generate GIF for /mnt/media/_/anal/bwb.13.06.28.christy.mack.wet.and.wild.whooty.mp4: exec: no command
[ffmpeg stderr]: 

[ERROR] ffmpeg failed to generate GIF for /mnt/media/_/anal/elegantangel.25.03.07.jessie.rogers.plush.anal.xxx.mp4: exec: no command
[ffmpeg stderr]: 

[ERROR] ffmpeg failed to generate GIF for /mnt/media/_/anal/elegantangel.24.11.06.jesse.pony.electric.anal.xxx.mp4: exec: no command
[ffmpeg stderr]: 

[ERROR] ffmpeg failed to generate GIF for /mnt/media/_/anal/elegantangel.25.04.04.nicole.aria.big.butt.insanity.xxx.mp4: exec: no command
[ffmpeg stderr]: 

[ERROR] ffmpeg failed to generate GIF for /mnt/media/_/anal/elegantangel.25.03.19.jenna.starr.thick.anal.throwdown.xxx.mp4: exec: no command
[ffmpeg stderr]: 

[ERROR] ffmpeg failed to generate GIF for /mnt/media/_/anal/elegantangel.25.06.11.luna.legend.legendary.anal.xxx.mp4: exec: no command
[ffmpeg stderr]: 

[ERROR] ffmpeg failed to generate GIF for /mnt/media/_/anal/elegantangel.25.11.03.lucy.lotus.lay.it.on.thick.xxx.mp4: exec: no command
[ffmpeg stderr]: 

[ERROR] ffmpeg failed to generate GIF for /mnt/media/_/anal/evilangel.25.03.17.luna.legend.mp4: exec: no command
[ffmpeg stderr]: 

[ERROR] ffmpeg failed to generate GIF for /mnt/media/_/anal/evilangel.25.06.19.jennifer.mendez.and.nuria.millan.mp4: exec: no command
[ffmpeg stderr]: 

[ERROR] ffmpeg failed to generate GIF for /mnt/media/_/anal/evilangel.25.09.20.luna.legend.mp4: exec: no command
[ffmpeg stderr]: 

[ERROR] ffmpeg failed to generate GIF for /mnt/media/_/anal/evilangel.25.12.06.april.bigass.mp4: exec: no command
[ffmpeg stderr]: 

[ERROR] ffmpeg failed to generate GIF for /mnt/media/_/anal/freeusemilf.25.06.03.lexi.nicole.mp4: exec: no command
[ffmpeg stderr]: 

[ERROR] ffmpeg failed to generate GIF for /mnt/media/_/anal/evilangel.25.11.21.lucy.lotus.mp4: exec: no command
[ffmpeg stderr]: 

[ERROR] ffmpeg failed to generate GIF for /mnt/media/_/anal/herlimit.24.08.26.cassidy.luxe.rough.anal.makes.college.girl.scream.xxx.mp4: exec: no command
[ffmpeg stderr]: 

[ERROR] ffmpeg failed to generate GIF for /mnt/media/_/anal/holed.25.10.17.mercedes.mac.rear.entrance.mp4: exec: no command
[ffmpeg stderr]: 

[ERROR] ffmpeg failed to generate GIF for /mnt/media/_/anal/julesjordan.25.04.25.lucy.lotus.big.booty.vixen.lotus.has.an.anal.obsession.xxx.mp4: exec: no command
[ffmpeg stderr]: 

[ERROR] ffmpeg failed to generate GIF for /mnt/media/_/anal/itsanal.24.10.03.charlotte.sins.perfect.body.and.shes.an.anal.slut.mp4: exec: no command
[ffmpeg stderr]: 

[ERROR] ffmpeg failed to generate GIF for /mnt/media/_/anal/onlyfans.2025.sophie.tyler.anal.xxx.mp4: exec: no command
[ffmpeg stderr]: 

[ERROR] ffmpeg failed to generate GIF for /mnt/media/_/anal/onlyfans.24.12.09.violet.ren.and.hotsaucepov.anal.slut.xxx.mp4: exec: no command
[ffmpeg stderr]: 

[ERROR] ffmpeg failed to generate GIF for /mnt/media/_/anal/lewd-mfhm901avaaddams.mp4: exec: no command
[ffmpeg stderr]: 

[ERROR] ffmpeg failed to generate GIF for /mnt/media/_/anal/onlyfans.2024.yiny.leon.red.high.heels.anal.xxx.mp4: exec: no command
[ffmpeg stderr]: 

[ERROR] ffmpeg failed to generate GIF for /mnt/media/_/anal/pornworld.25.10.05.tommy.king.mp4: exec: no command
[ffmpeg stderr]: 

[ERROR] ffmpeg failed to generate GIF for /mnt/media/_/anal/rkprime.25.04.29.jesse.ames.cosplay.roommate.does.anal.mp4: exec: no command
[ffmpeg stderr]: 

[ERROR] ffmpeg failed to generate GIF for /mnt/media/_/anal/tushy.23.10.15.tommy.king.mp4: exec: no command
[ffmpeg stderr]: 

[ERROR] ffmpeg failed to generate GIF for /mnt/media/_/anal/slutinspection.25.01.04.gia.lovely.tatted.anal.cumslut.mp4: exec: no command
[ffmpeg stderr]: 

[ERROR] ffmpeg failed to generate GIF for /mnt/media/_/anal/tushyraw.25.10.12.vanessa.sky.naughty.smokeshow.gets.her.round.ass.stretched.xxx.mp4: exec: no command
[ffmpeg stderr]: 

[ERROR] ffmpeg failed to generate GIF for /mnt/media/_/anal/xvideosred.24.01.21.cassidy.luxe.valerica.steele.tattoo.anal.lover.gets.fucked.with.big.dick.while.sharing.it.with.xxx.mp4: exec: no command
[ffmpeg stderr]: 

[ERROR] ffmpeg failed to generate GIF for /mnt/media/_/ass/AssParade.25.11.24.Brandy.Salazar.XXX.1080p.HEVC.x265.PRT.mp4: exec: no command
[ffmpeg stderr]: 

[ERROR] ffmpeg failed to generate GIF for /mnt/media/_/ass/BrazzersExxtra.24.05.03.Booty.Call.The.Best.Of.Big.Butts.XXX.1080p.HEVC.x265.PRT.mkv: exec: no command
[ffmpeg stderr]: 

[ERROR] ffmpeg failed to generate GIF for /mnt/media/_/ass/HardX.25.11.22.Lucy.Lotus.XXX.1080p.HEVC.x265.PRT.mp4: exec: no command
[ffmpeg stderr]: 

[ERROR] ffmpeg failed to generate GIF for /mnt/media/_/ass/MyLifeInMiami.25.11.19.Sofie.Reyez.Sofie.Takes.It.All.XXX.1080p.HEVC.x265.PRT.mp4: exec: no command
[ffmpeg stderr]: 

[ERROR] ffmpeg failed to generate GIF for /mnt/media/_/ass/SexMex.25.10.18.Devil.Khloe.XXX.1080p.HEVC.x265.PRT.mp4: exec: no command
[ffmpeg stderr]: 

[ERROR] ffmpeg failed to generate GIF for /mnt/media/_/ass/brazzersexxtra.24.11.18.thick.ass.daphne.and.kelsey.kane.mp4: exec: no command
[ffmpeg stderr]: 

[ERROR] ffmpeg failed to generate GIF for /mnt/media/_/ass/brazzersexxtra.25.06.04.brandy.salazar.trimzz.episode.4.mp4: exec: no command
[ffmpeg stderr]: 

[ERROR] ffmpeg failed to generate GIF for /mnt/media/_/ass/brazzersexxtra.25.07.01.abigaiil.morris.buying.bondage.mp4: exec: no command
[ffmpeg stderr]: 

[ERROR] ffmpeg failed to generate GIF for /mnt/media/_/ass/bigtitsroundasses.25.12.06.tia.maria.mp4: exec: no command
[ffmpeg stderr]: 

[ERROR] ffmpeg failed to generate GIF for /mnt/media/_/ass/brazzersexxtra.25.11.30.abigaiil.morris.touching.the.trophy.wife.mp4: exec: no command
[ffmpeg stderr]: 

[ERROR] ffmpeg failed to generate GIF for /mnt/media/_/ass/brazzersexxtra.25.12.19.mz.dani.and.uptown.jenny.curvy.catfights.get.pussyncd.mp4: exec: no command
[ffmpeg stderr]: 

[ERROR] ffmpeg failed to generate GIF for /mnt/media/_/ass/dfxtraoriginals.25.12.19.tessa.thomas.and.gia.ohmy.mp4: exec: no command
[ffmpeg stderr]: 

[ERROR] ffmpeg failed to generate GIF for /mnt/media/_/ass/evolvedfights.25.10.31.luna.legend.vs.cody.carter.mp4: exec: no command
[ffmpeg stderr]: 

[ERROR] ffmpeg failed to generate GIF for /mnt/media/_/ass/lilhumpers.24.11.18.octokuro.hiding.her.bikini.mp4: exec: no command
[ffmpeg stderr]: 

[ERROR] ffmpeg failed to generate GIF for /mnt/media/_/ass/mypervyfamily.25.10.04.cassie.lenoir.the.next.step.mp4: exec: no command
[ffmpeg stderr]: 

[ERROR] ffmpeg failed to generate GIF for /mnt/media/_/ass/oyemami.24.11.21.devil.khloee.mp4: exec: no command
[ffmpeg stderr]: 

[ERROR] ffmpeg failed to generate GIF for /mnt/media/_/ass/pml.25.10.24.zoey.foxx.hardcore.41781.mp4: exec: no command
[ffmpeg stderr]: 

[ERROR] ffmpeg failed to generate GIF for /mnt/media/_/ass/sexmex.25.09.24.devil.khloe.mp4: exec: no command
[ffmpeg stderr]: 

[ERROR] ffmpeg failed to generate GIF for /mnt/media/_/bbw/BrazzersExxtra.25.10.11.Jadynn.Stone.Thicc.And.Thirsty.XXX.1080p.HEVC.x265.PRT.mp4: exec: no command
[ffmpeg stderr]: 

[ERROR] ffmpeg failed to generate GIF for /mnt/media/_/bbw/I_SPWMM_1080_2023.mp4: exec: no command
[ffmpeg stderr]: 

[ERROR] ffmpeg failed to generate GIF for /mnt/media/_/bbw/Kailani Kai & Jadynn Stone - Super Happy Atomic Wedgie Time! (08.03.2025)_1080p.mp4: exec: no command
[ffmpeg stderr]: 

[ERROR] ffmpeg failed to generate GIF for /mnt/media/_/bbw/LilHumpers.22.09.04.Lila.Lovely.Parkouring.Her.Pussy.XXX.1080p.HEVC.x265.PRT.mkv: exec: no command
[ffmpeg stderr]: 

[ERROR] ffmpeg failed to generate GIF for /mnt/media/_/bbw/MilfHunter.23.01.31.Lila.Lovely.Friendly.Neighbor.XXX.1080p.HEVC.x265.PRT.mkv: exec: no command
[ffmpeg stderr]: 

[ERROR] ffmpeg failed to generate GIF for /mnt/media/_/bbw/PlumperPass.21.11.26.Sofia.Rose.Swinging.With.Sofia.XXX.1080p.HEVC.x265.PRT.mkv: exec: no command
[ffmpeg stderr]: 

[ERROR] ffmpeg failed to generate GIF for /mnt/media/_/bbw/PlumperPass.23.06.16.Jadynn.Stone.XXX.1080p.HEVC.x265.PRT.mkv: exec: no command
[ffmpeg stderr]: 

[ERROR] ffmpeg failed to generate GIF for /mnt/media/_/bbw/PlumperPass.23.12.01.Little.Miss.BBW.And.Insaysia.Minx.XXX.1080p.HEVC.x265.PRT.mkv: exec: no command
[ffmpeg stderr]: 

[ERROR] ffmpeg failed to generate GIF for /mnt/media/_/bbw/PlumperPass.24.02.23.Maria.Bose.XXX.1080p.HEVC.x265.PRT.mkv: exec: no command
[ffmpeg stderr]: 

[ERROR] ffmpeg failed to generate GIF for /mnt/media/_/bbw/PlumperPass.24.07.22.Peaches.Larue.XXX.1080p.HEVC.x265.PRT.mkv: exec: no command
[ffmpeg stderr]: 

[ERROR] ffmpeg failed to generate GIF for /mnt/media/_/bbw/PlumperPass.24.08.16.Thick.Lizzy.And.Cremita.XXX.1080p.HEVC.x265.PRT.mkv: exec: no command
[ffmpeg stderr]: 

[ERROR] ffmpeg failed to generate GIF for /mnt/media/_/bbw/Pure-BBW.13.07.02.Samantha.38G.And.Karen.Fisher.XXX.1080p.MP4-MaMi.mp4: exec: no command
[ffmpeg stderr]: 

[ERROR] ffmpeg failed to generate GIF for /mnt/media/_/bbw/Pure-BBW.25.05.13.Luna.Lark.XXX.1080p.MP4-MaMi.mp4: exec: no command
[ffmpeg stderr]: 

[ERROR] ffmpeg failed to generate GIF for /mnt/media/_/bbw/Rotten Venus - New Plumper Takes an Anal Reaming.mp4: exec: no command
[ffmpeg stderr]: 

[ERROR] ffmpeg failed to generate GIF for /mnt/media/_/bbw/Spizoo.23.10.04.Abigail.Morris.Is.A.Curvy.Cum.Lover.XXX.1080p.HEVC.x265.PRT.mkv: exec: no command
[ffmpeg stderr]: 

[ERROR] ffmpeg failed to generate GIF for /mnt/media/_/bbw/alterotic.24.08.08.samantha.mack.rough.and.energetic.fucking.mp4: exec: no command
[ffmpeg stderr]: 

[ERROR] ffmpeg failed to generate GIF for /mnt/media/_/bbw/alterotic.24.09.19.big.breasted.slut.samantha.mack.creampied.by.big.cock.mp4: exec: no command
[ffmpeg stderr]: 

[ERROR] ffmpeg failed to generate GIF for /mnt/media/_/bbw/assparade.25.06.23.raven.thick.mp4: exec: no command
[ffmpeg stderr]: 

[ERROR] ffmpeg failed to generate GIF for /mnt/media/_/bbw/bangbus.18.07.11.ashley.barbie.mp4: exec: no command
[ffmpeg stderr]: 

[ERROR] ffmpeg failed to generate GIF for /mnt/media/_/bbw/brazzersexxtra.25.01.27.lila.lovely.body.sliding.the.curvy.cheater.mp4: exec: no command
[ffmpeg stderr]: 

[ERROR] ffmpeg failed to generate GIF for /mnt/media/_/bbw/latinamilf.25.10.13.coco.rains.mp4: exec: no command
[ffmpeg stderr]: 

[ERROR] ffmpeg failed to generate GIF for /mnt/media/_/bbw/manyvids.2024.josie.jaxxon.and.rodrigo.amor.poolside.bbw.hotwife.anal.fuck.xxx.mp4: exec: no command
[ffmpeg stderr]: 

[ERROR] ffmpeg failed to generate GIF for /mnt/media/_/bbw/manyvids.22.12.02.lila.lovely.the.naughty.nanny.xxx.mp4: exec: no command
[ffmpeg stderr]: 

[ERROR] ffmpeg failed to generate GIF for /mnt/media/_/bbw/manyvids.23.02.12.lila.lovely.banging.the.milf.next.door.xxx.mp4: exec: no command
[ffmpeg stderr]: 

[ERROR] ffmpeg failed to generate GIF for /mnt/media/_/bbw/manyvids.23.08.12.lila.lovely.cereal.milk.xxx.mp4: exec: no command
[ffmpeg stderr]: 

[ERROR] ffmpeg failed to generate GIF for /mnt/media/_/bbw/oopsfamily.23.12.22.lila.lovely.caution.wet.mom.mp4: exec: no command
[ffmpeg stderr]: 

[ERROR] ffmpeg failed to generate GIF for /mnt/media/_/bbw/manyvids.23.06.29.jadynn.stone.afternoon.sex.xxx.mp4: exec: no command
[ffmpeg stderr]: 

[ERROR] ffmpeg failed to generate GIF for /mnt/media/_/bbw/pawged.23.07.28.mz.dani.mp4: exec: no command
[ffmpeg stderr]: 

[ERROR] ffmpeg failed to generate GIF for /mnt/media/_/bbw/plumperpass.18.03.30.nirvana.lust.and.sofia.rose.big.baddie.3.some[N1C].mp4: exec: no command
[ffmpeg stderr]: 

[ERROR] ffmpeg failed to generate GIF for /mnt/media/_/bbw/plumperpass.18.04.09.bunny.de.la.cruz.the.friendly.mechanic[N1C].mp4: exec: no command
[ffmpeg stderr]: 

[ERROR] ffmpeg failed to generate GIF for /mnt/media/_/bbw/plumperpass.18.11.02.sofia.rose.wonder.pussy[N1C].mp4: exec: no command
[ffmpeg stderr]: 

[ERROR] ffmpeg failed to generate GIF for /mnt/media/_/bbw/plumperpass.19.05.08.virgo.peridot.hula-hooping.hunny[N1C].mp4: exec: no command
[ffmpeg stderr]: 

[ERROR] ffmpeg failed to generate GIF for /mnt/media/_/bbw/plumperpass.20.11.23.alycia.starr.alycia.wants.his.cock.mp4: exec: no command
[ffmpeg stderr]: 

[ERROR] ffmpeg failed to generate GIF for /mnt/media/_/bbw/plumperpass.23.12.22.alexxxis.allure.and.chloe.klein.mp4: exec: no command
[ffmpeg stderr]: 

[ERROR] ffmpeg failed to generate GIF for /mnt/media/_/bbw/plumperpass.23.12.25.lisa.sparxxx.mp4: exec: no command
[ffmpeg stderr]: 

[ERROR] ffmpeg failed to generate GIF for /mnt/media/_/bbw/plumperpass.24.01.30.veronica.vaughn.mp4: exec: no command
[ffmpeg stderr]: 

[ERROR] ffmpeg failed to generate GIF for /mnt/media/_/bbw/plumperpass.24.02.16.veronica.jasmine.mp4: exec: no command
[ffmpeg stderr]: 

[ERROR] ffmpeg failed to generate GIF for /mnt/media/_/bbw/plumperpass.24.03.29.alycia.starr.mp4: exec: no command
[ffmpeg stderr]: 

[ERROR] ffmpeg failed to generate GIF for /mnt/media/_/bbw/plumperpass.24.06.28.bunny.de.la.cruz.mp4: exec: no command
[ffmpeg stderr]: 

[ERROR] ffmpeg failed to generate GIF for /mnt/media/_/bbw/plumperpass.24.07.05.milly.marx.mp4: exec: no command
[ffmpeg stderr]: 

[ERROR] ffmpeg failed to generate GIF for /mnt/media/_/bbw/plumperpass.24.07.08.samantha.38g.mp4: exec: no command
[ffmpeg stderr]: 

[ERROR] ffmpeg failed to generate GIF for /mnt/media/_/bbw/plumperpass.24.09.09.sabella.monize.mp4: exec: no command
[ffmpeg stderr]: 

[ERROR] ffmpeg failed to generate GIF for /mnt/media/_/bbw/plumperpass.24.09.27.ashlyn.sparks.mp4: exec: no command
[ffmpeg stderr]: 

[ERROR] ffmpeg failed to generate GIF for /mnt/media/_/bbw/plumperpass.24.09.20.raven.minxxx.mp4: exec: no command
[ffmpeg stderr]: 

[ERROR] ffmpeg failed to generate GIF for /mnt/media/_/bbw/plumperpass.24.10.25.wifey.sienna.mp4: exec: no command
[ffmpeg stderr]: 

[ERROR] ffmpeg failed to generate GIF for /mnt/media/_/bbw/plumperpass.24.10.28.cotton.candi.and.shanice.richards.mp4: exec: no command
[ffmpeg stderr]: 

[ERROR] ffmpeg failed to generate GIF for /mnt/media/_/bbw/plumperpass.24.11.04.jazlyn.summers.mp4: exec: no command
[ffmpeg stderr]: 

[ERROR] ffmpeg failed to generate GIF for /mnt/media/_/bbw/plumperpass.24.12.06.jadynn.stone.xxx.mp4: exec: no command
[ffmpeg stderr]: 

[ERROR] ffmpeg failed to generate GIF for /mnt/media/_/bbw/plumperpass.25.02.14.veronica.jasmine.mp4: exec: no command
[ffmpeg stderr]: 

[ERROR] ffmpeg failed to generate GIF for /mnt/media/_/bbw/plumperpass.25.04.11.wifey.sienna.mp4: exec: no command
[ffmpeg stderr]: 

[ERROR] ffmpeg failed to generate GIF for /mnt/media/_/bbw/plumperpass.25.04.18.jadynn.stone.mp4: exec: no command
[ffmpeg stderr]: 

[ERROR] ffmpeg failed to generate GIF for /mnt/media/_/bbw/plumperpass.25.04.25.sunny.bunny.mp4: exec: no command
[ffmpeg stderr]: 

[ERROR] ffmpeg failed to generate GIF for /mnt/media/_/bbw/plumperpass.25.05.23.bunny.de.la.cruz.mp4: exec: no command
[ffmpeg stderr]: 

[ERROR] ffmpeg failed to generate GIF for /mnt/media/_/bbw/plumperpass.25.05.28.romy.red.mp4: exec: no command
[ffmpeg stderr]: 

[ERROR] ffmpeg failed to generate GIF for /mnt/media/_/bbw/plumperpass.25.06.06.flame.fantasy.mp4: exec: no command
[ffmpeg stderr]: 

[ERROR] ffmpeg failed to generate GIF for /mnt/media/_/bbw/plumperpass.25.07.18.sofie.diaz.mp4: exec: no command
[ffmpeg stderr]: 

[ERROR] ffmpeg failed to generate GIF for /mnt/media/_/bbw/plumperpass.25.09.26.chanel.barbie.mp4: exec: no command
[ffmpeg stderr]: 

[ERROR] ffmpeg failed to generate GIF for /mnt/media/_/bbw/plumperpass.25.10.03.loulou.bbw.mp4: exec: no command
[ffmpeg stderr]: 

[ERROR] ffmpeg failed to generate GIF for /mnt/media/_/bbw/plumperpass.25.10.10.jadynn.stone.mp4: exec: no command
[ffmpeg stderr]: 

[ERROR] ffmpeg failed to generate GIF for /mnt/media/_/bbw/plumperpass.25.12.12.sheisatang.mp4: exec: no command
[ffmpeg stderr]: 

[ERROR] ffmpeg failed to generate GIF for /mnt/media/_/bbw/pml.25.10.03.lexxxie.la.fuego.hardcore.41906.mp4: exec: no command
[ffmpeg stderr]: 

[ERROR] ffmpeg failed to generate GIF for /mnt/media/_/bbw/pml.25.10.31.sofia.deluxe.hardcore.41767.mp4: exec: no command
[ffmpeg stderr]: 

[ERROR] ffmpeg failed to generate GIF for /mnt/media/_/bbw/pml.25.12.12.paige.turner.hardcore.42122.mp4: exec: no command
[ffmpeg stderr]: 

[ERROR] ffmpeg failed to generate GIF for /mnt/media/_/bbw/pornstarslikeitbig.22.05.26.julie.cash.and.savannah.bond.double.trouble.xxx.mp4: exec: no command
[ffmpeg stderr]: 

[ERROR] ffmpeg failed to generate GIF for /mnt/media/_/bbw/slutinspection.24.02.22.pov.thick.bbw.slut.leila.lewis.loves.married.couples.mp4: exec: no command
[ffmpeg stderr]: 

[ERROR] ffmpeg failed to generate GIF for /mnt/media/_/milf/TabooHeat.24.12.25.Cory.Chase.In.Merry.Anal.Christmas.XXX.1080p.mp4: exec: no command
[ffmpeg stderr]: 

[ERROR] ffmpeg failed to generate GIF for /mnt/media/_/milf/bigtitsroundasses.25.06.07.robbin.banx.mp4: exec: no command
[ffmpeg stderr]: 

[ERROR] ffmpeg failed to generate GIF for /mnt/media/_/milf/brazzersexxtra.25.11.20.connie.perignon.angry.cafe.lay.mp4: exec: no command
[ffmpeg stderr]: 

[ERROR] ffmpeg failed to generate GIF for /mnt/media/_/milf/analmom.25.11.15.abi.james.mp4: exec: no command
[ffmpeg stderr]: 

[ERROR] ffmpeg failed to generate GIF for /mnt/media/_/milf/filthypov.25.11.29.taylor.wild.want.more.pictures.just.ask.mp4: exec: no command
[ffmpeg stderr]: 

[ERROR] ffmpeg failed to generate GIF for /mnt/media/_/milf/gotmylf.25.07.31.lexi.nicole.mp4: exec: no command
[ffmpeg stderr]: 

[ERROR] ffmpeg failed to generate GIF for /mnt/media/_/milf/pervmom.25.10.07.jessica.aaren.mp4: exec: no command
[ffmpeg stderr]: 

[ERROR] ffmpeg failed to generate GIF for /mnt/media/_/milf/pervmom.25.12.08.taylor.wild.mp4: exec: no command
[ffmpeg stderr]: 

[ERROR] ffmpeg failed to generate GIF for /mnt/media/_/pov/AlexLegend.22.08.11.Abigail.Morris.POV.XXX.1080p.HEVC.x265.PRT.mkv: exec: no command
[ffmpeg stderr]: 

[ERROR] ffmpeg failed to generate GIF for /mnt/media/_/pov/AlexLegend.22.11.10.Mellanie.Monroe.And.Callie.Maze.POV.XXX.1080p.HEVC.x265.PRT.mkv: exec: no command
[ffmpeg stderr]: 

[ERROR] ffmpeg failed to generate GIF for /mnt/media/_/pov/AlexLegend.22.12.16.Natasha.Nice.POV.XXX.1080p.HEVC.x265.PRT.mkv: exec: no command
[ffmpeg stderr]: 

[ERROR] ffmpeg failed to generate GIF for /mnt/media/_/pov/BangPOV.15.11.28.Dani.Daniels.Is.Perfection.mp4: exec: no command
[ffmpeg stderr]: 

[ERROR] ffmpeg failed to generate GIF for /mnt/media/_/pov/BangPOV.16.06.05.Lana.Rhoades.mp4: exec: no command
[ffmpeg stderr]: 

[ERROR] ffmpeg failed to generate GIF for /mnt/media/_/pov/BangPOV.20.02.01.Gabbie.Carter.XXX.1080p.HEVC.x265.PRT.mkv: exec: no command
[ffmpeg stderr]: 

[ERROR] ffmpeg failed to generate GIF for /mnt/media/_/pov/BangPOV.22.04.19.Bailey.Base.XXX.1080p.HEVC.x265.PRT.mkv: exec: no command
[ffmpeg stderr]: 

[ERROR] ffmpeg failed to generate GIF for /mnt/media/_/pov/BangPOV.22.09.06.Ariana.Van.X.XXX.1080p.HEVC.x265.PRT.mkv: exec: no command
[ffmpeg stderr]: 

[ERROR] ffmpeg failed to generate GIF for /mnt/media/_/pov/BangPOV.22.09.20.Evelin.Stone.XXX.1080p.HEVC.x265.PRT.mkv: exec: no command
[ffmpeg stderr]: 

[ERROR] ffmpeg failed to generate GIF for /mnt/media/_/pov/BangPOV.23.02.07.Emma.Bugg.XXX.1080p.HEVC.x265.PRT.mkv: exec: no command
[ffmpeg stderr]: 

[ERROR] ffmpeg failed to generate GIF for /mnt/media/_/pov/BangPOV.23.03.07.Alexis.Andrews.XXX.1080p.HEVC.x265.PRT.mkv: exec: no command
[ffmpeg stderr]: 

[ERROR] ffmpeg failed to generate GIF for /mnt/media/_/pov/BangPOV.23.03.21.Brandy.Renee.XXX.1080p.HEVC.x265.PRT.mkv: exec: no command
[ffmpeg stderr]: 

[ERROR] ffmpeg failed to generate GIF for /mnt/media/_/pov/BangPOV.23.06.13.Madison.Wilde.XXX.1080p.HEVC.x265.PRT.mkv: exec: no command
[ffmpeg stderr]: 

[ERROR] ffmpeg failed to generate GIF for /mnt/media/_/pov/BangPOV.23.09.05.Claudia.Bavel.XXX.1080p.HEVC.x265.PRT.mkv: exec: no command
[ffmpeg stderr]: 

[ERROR] ffmpeg failed to generate GIF for /mnt/media/_/pov/BangPOV.23.11.28.Renee.Rose.XXX.1080p.HEVC.x265.PRT.mkv: exec: no command
[ffmpeg stderr]: 

[ERROR] ffmpeg failed to generate GIF for /mnt/media/_/pov/BangPOV.24.02.20.Justine.Jakobs.XXX.1080p.HEVC.x265.PRT.mkv: exec: no command
[ffmpeg stderr]: 

[ERROR] ffmpeg failed to generate GIF for /mnt/media/_/pov/BangPOV.24.08.20.Linda.Lan.XXX.1080p.HEVC.x265.PRT.mkv: exec: no command
[ffmpeg stderr]: 

[ERROR] ffmpeg failed to generate GIF for /mnt/media/_/pov/DadCrush.23.05.16.Holly.Day.Harder.For.An.A.Plus.XXX.1080p.HEVC.x265.PRT.mkv: exec: no command
[ffmpeg stderr]: 

[ERROR] ffmpeg failed to generate GIF for /mnt/media/_/pov/DadCrush.23.08.02.Layla.Jenner.A.Taste.For.Older.Men.XXX.1080p.HEVC.x265.PRT.mkv: exec: no command
[ffmpeg stderr]: 

[ERROR] ffmpeg failed to generate GIF for /mnt/media/_/pov/DadCrush.23.10.24.Molly.Little.Dont.Be.A.Party.Pooper.XXX.1080p.HEVC.x265.PRT.mkv: exec: no command
[ffmpeg stderr]: 

[ERROR] ffmpeg failed to generate GIF for /mnt/media/_/pov/DadCrush.24.02.06.Freya.Von.Doom.And.Macy.Meadows.Dont.Make.Me.Choose.XXX.1080p.HEVC.x265.PRT.mkv: exec: no command
[ffmpeg stderr]: 

[ERROR] ffmpeg failed to generate GIF for /mnt/media/_/pov/DadCrush.24.07.30.Chanel.Camryn.Uses.Her.Body.To.Help.Sugar.Daddy.Even.The.Score.XXX.1080p.HEVC.x265.PRT.mkv: exec: no command
[ffmpeg stderr]: 

[ERROR] ffmpeg failed to generate GIF for /mnt/media/_/pov/Devil Khloe - Thick Busty Colombian Girl Wakes You Up (11.10.2025)_1080p.mp4: exec: no command
[ffmpeg stderr]: 

[ERROR] ffmpeg failed to generate GIF for /mnt/media/_/pov/EvilAngel.23.11.09.Lily.Lou.XXX.1080p.HEVC.x265.PRT.mkv: exec: no command
[ffmpeg stderr]: 

[ERROR] ffmpeg failed to generate GIF for /mnt/media/_/pov/FamilyTherapyXXX.20.10.04.Sabrina.Violet.And.Clover.Baltimore.The.House.Guest.XXX.1080p.HEVC.x265.PRT.mp4: exec: no command
[ffmpeg stderr]: 

[ERROR] ffmpeg failed to generate GIF for /mnt/media/_/pov/FirstClassPOV.21.02.25.Kenzie.Reeves.Intense.Ahegao.Fucking.XXX.1080p.HEVC.x265.PRT.mkv: exec: no command
[ffmpeg stderr]: 

[ERROR] ffmpeg failed to generate GIF for /mnt/media/_/pov/FilthyPOV.24.02.29.Carmela.Clutch.Cant.Stop.Thinking.About.Your.Big.Ass.XXX.1080p.HEVC.x265.PRT.mkv: exec: no command
[ffmpeg stderr]: 

[ERROR] ffmpeg failed to generate GIF for /mnt/media/_/pov/FirstClassPOV.21.03.18.Anna.Claire.Clouds.Takes.On.A.Mouthful.Of.Cum.XXX.1080p.HEVC.x265.PRT.mkv: exec: no command
[ffmpeg stderr]: 

[ERROR] ffmpeg failed to generate GIF for /mnt/media/_/pov/FirstClassPOV.21.06.03.Skylar.Vox.Takes.A.Huge.Cock.In.POV.XXX.1080p.mp4: exec: no command
[ffmpeg stderr]: 

[ERROR] ffmpeg failed to generate GIF for /mnt/media/_/pov/FirstClassPOV.21.06.24.Khloe.Kapri.Spreads.Out.Her.Tight.Pussy.XXX.1080p.HEVC.x265.PRT.mkv: exec: no command
[ffmpeg stderr]: 

[ERROR] ffmpeg failed to generate GIF for /mnt/media/_/pov/FirstClassPOV.22.04.14.Gia.Ohmy.Creampied.In.POV.XXX.1080p.mp4: exec: no command
[ffmpeg stderr]: 

[ERROR] ffmpeg failed to generate GIF for /mnt/media/_/pov/FirstClassPov Doggy Style Compilation 2.mp4: exec: no command
[ffmpeg stderr]: 

[ERROR] ffmpeg failed to generate GIF for /mnt/media/_/pov/IKnowThatGirl.24.05.11.Sarah.Arabic.Come.And.Fuck.Me.Right.Now.XXX.1080p.HEVC.x265.PRT.mkv: exec: no command
[ffmpeg stderr]: 

[ERROR] ffmpeg failed to generate GIF for /mnt/media/_/pov/IMadePorn.21.10.06.Vivian.Taylor.Made.To.Fuck.XXX.1080p.HEVC.x265.PRT.mkv: exec: no command
[ffmpeg stderr]: 

[ERROR] ffmpeg failed to generate GIF for /mnt/media/_/pov/Inserted.25.08.07.Luna.Legend.XXX.1080p.HEVC.x265.PRT.mp4: exec: no command
[ffmpeg stderr]: 

[ERROR] ffmpeg failed to generate GIF for /mnt/media/_/pov/JaysPOV.25.10.01.Scarlett.Rosewood.XXX.1080p.HEVC.x265.PRT.mp4: exec: no command
[ffmpeg stderr]: 

[ERROR] ffmpeg failed to generate GIF for /mnt/media/_/pov/MrLuckyPOV.2023.Angie.Faith.Aria.Six.XXX.1080p.HEVC.x265.PRT.mkv: exec: no command
[ffmpeg stderr]: 

[ERROR] ffmpeg failed to generate GIF for /mnt/media/_/pov/MrLuckyPOV.2023.Angie.Faith.XXX.1080p.HEVC.x265.PRT.mkv: exec: no command
[ffmpeg stderr]: 

[ERROR] ffmpeg failed to generate GIF for /mnt/media/_/pov/MrLuckyPOV.23.01.13.Kaden.Kole.XXX.1080p.HEVC.x265.PRT.mkv: exec: no command
[ffmpeg stderr]: 

[ERROR] ffmpeg failed to generate GIF for /mnt/media/_/pov/MrLuckyPOV.23.05.05.Jessie.Rogers.XXX.1080p.HEVC.x265.PRT.mkv: exec: no command
[ffmpeg stderr]: 

[ERROR] ffmpeg failed to generate GIF for /mnt/media/_/pov/OnlyFans.23.11.07.Violet.Myers.And.Arabelle.Raphael.Threesome.With.MrLuckyPOV.XXX.1080p.HEVC.x265.PRT.mkv: exec: no command
[ffmpeg stderr]: 

[ERROR] ffmpeg failed to generate GIF for /mnt/media/_/pov/PervsOnPatrol.21.12.18.Vivian.Taylor.Spying.On.The.Hot.New.Neighbor.XXX.1080p.HEVC.x265.PRT.mkv: exec: no command
[ffmpeg stderr]: 

[ERROR] ffmpeg failed to generate GIF for /mnt/media/_/pov/SexSelector.22.02.25.Vivian.Taylor.Your.Date.With.Vivian.XXX.1080p.HEVC.x265.PRT.mkv: exec: no command
[ffmpeg stderr]: 

[ERROR] ffmpeg failed to generate GIF for /mnt/media/_/pov/TabooHeat.25.11.05.Violet.Voss.XXX.1080p.HEVC.x265.PRT.mp4: exec: no command
[ffmpeg stderr]: 

[ERROR] ffmpeg failed to generate GIF for /mnt/media/_/pov/TrueAmateurs.23.07.07.Sarah.Arabic.XXX.1080p.HEVC.x265.PRT.mkv: exec: no command
[ffmpeg stderr]: 

[ERROR] ffmpeg failed to generate GIF for /mnt/media/_/pov/alexlegend.21.02.23.ember.snow.and.jill.kassidy.threesome.pov.mp4: exec: no command
[ffmpeg stderr]: 

[ERROR] ffmpeg failed to generate GIF for /mnt/media/_/pov/anal/AssParade - Vitoria Beatriz - Ass So Big Like the Sun (22.07.2024) 1080p rq.mp4: exec: no command
[ffmpeg stderr]: 

[ERROR] ffmpeg failed to generate GIF for /mnt/media/_/pov/anal/AssParade.23.04.17.Sara.Diamante.XXX.1080p.HEVC.x265.PRT.mkv: exec: no command
[ffmpeg stderr]: 

[ERROR] ffmpeg failed to generate GIF for /mnt/media/_/pov/anal/BangPOV.22.03.22.Armani.Black.XXX.1080p.HEVC.x265.PRT.mkv: exec: no command
[ffmpeg stderr]: 

[ERROR] ffmpeg failed to generate GIF for /mnt/media/_/pov/anal/BangPOV.23.02.21.Luna.Legend.XXX.1080p.HEVC.x265.PRT.mkv: exec: no command
[ffmpeg stderr]: 

[ERROR] ffmpeg failed to generate GIF for /mnt/media/_/pov/anal/BangPOV.16.11.15.Alice.March.A.Photo.Shoot.With.The.Stepdaughter.mp4: exec: no command
[ffmpeg stderr]: 

[ERROR] ffmpeg failed to generate GIF for /mnt/media/_/pov/anal/BangPOV.23.07.25.Alyssa.Bounty.XXX.1080p.HEVC.x265.PRT.mkv: exec: no command
[ffmpeg stderr]: 

[ERROR] ffmpeg failed to generate GIF for /mnt/media/_/pov/anal/BangPOV.24.01.23.Nuria.Millan.XXX.1080p.HEVC.x265.PRT.mkv: exec: no command
[ffmpeg stderr]: 

[ERROR] ffmpeg failed to generate GIF for /mnt/media/_/pov/anal/BrazzersExxtra.23.11.14.Luna.Star.And.Gem.Jewels.Winning.Him.Back.With.Anal.XXX.1080p.HEVC.x265.PRT.mkv: exec: no command
[ffmpeg stderr]: 

[ERROR] ffmpeg failed to generate GIF for /mnt/media/_/pov/anal/BrazzersExxtra.25.11.24.Lucy.Foxx.Futa.University.Anal.Hangout.XXX.1080p.HEVC.x265.PRT.mp4: exec: no command
[ffmpeg stderr]: 

[ERROR] ffmpeg failed to generate GIF for /mnt/media/_/pov/anal/DadCrush 22.10.04 Tommy King Pajama Party For Two XXX 1080p MP4 [SpankHash].mp4: exec: no command
[ffmpeg stderr]: 

[ERROR] ffmpeg failed to generate GIF for /mnt/media/_/pov/anal/DadCrush.23.08.27.Emma.Hix.Play.Safe.Do.Anal.XXX.1080p.HEVC.x265.PRT.mkv: exec: no command
[ffmpeg stderr]: 

[ERROR] ffmpeg failed to generate GIF for /mnt/media/_/pov/anal/DadCrush.23.11.21.Jane.Wilde.And.Bella.Rolland.Learning.About.Anal.Sex.XXX.1080p.HEVC.x265.PRT.mkv: exec: no command
[ffmpeg stderr]: 

[ERROR] ffmpeg failed to generate GIF for /mnt/media/_/pov/anal/DadCrush.24.08.27.Hazel.Heart.Quiet.Girl.Gives.Up.All.Three.Holes.XXX.1080p.HEVC.x265.PRT.mkv: exec: no command
[ffmpeg stderr]: 

[ERROR] ffmpeg failed to generate GIF for /mnt/media/_/pov/anal/FreshPOV.25.04.17.Wendy.Moon.Loves.Anal.XXX.1080p.mp4: exec: no command
[ffmpeg stderr]: 

[ERROR] ffmpeg failed to generate GIF for /mnt/media/_/pov/anal/HotGirlsGame.23.09.17.Lily.Lou.Hot.Gamer.Craves.Freeuse.Anal.XXX.1080p.HEVC.x265.PRT.mkv: exec: no command
[ffmpeg stderr]: 

[ERROR] ffmpeg failed to generate GIF for /mnt/media/_/pov/anal/JulesJordan.24.03.19.Emma.Hix.POV.Anal.XXX.1080p.HEVC.x265.PRT.mkv: exec: no command
[ffmpeg stderr]: 

[ERROR] ffmpeg failed to generate GIF for /mnt/media/_/pov/anal/LetsTryAnal.12.08.24.Dillion.Harper.Beach.Booty.mp4: exec: no command
[ffmpeg stderr]: 

[ERROR] ffmpeg failed to generate GIF for /mnt/media/_/pov/anal/LetsTryAnal.14.12.18.Stella.Cox.British.Girls.First.Anal.Sex.mp4: exec: no command
[ffmpeg stderr]: 

[ERROR] ffmpeg failed to generate GIF for /mnt/media/_/pov/anal/LetsTryAnal.24.08.14.Cristina.Miller.The.Anal.Afterparty.XXX.1080p.HEVC.x265.PRT.mkv: exec: no command
[ffmpeg stderr]: 

[ERROR] ffmpeg failed to generate GIF for /mnt/media/_/pov/anal/PetitePOV.24.01.17.Cornelia.Your.Petite.GFs.First.Anal.XXX.1080p.mp4: exec: no command
[ffmpeg stderr]: 

[ERROR] ffmpeg failed to generate GIF for /mnt/media/_/pov/anal/analtherapyxxx.25.06.01.paris.lincoln.nostalgia.mp4: exec: no command
[ffmpeg stderr]: 

[ERROR] ffmpeg failed to generate GIF for /mnt/media/_/pov/anal/analtherapyxxx.25.07.09.elise.london.the.professional.mp4: exec: no command
[ffmpeg stderr]: 

[ERROR] ffmpeg failed to generate GIF for /mnt/media/_/pov/anal/backdoorpov.20.04.12.sasha.rose.partner.in.sin.mp4: exec: no command
[ffmpeg stderr]: 

[ERROR] ffmpeg failed to generate GIF for /mnt/media/_/pov/anal/backdoorpov.20.07.05.eva.kay.busty.evas.backdoor.temptation.mp4: exec: no command
[ffmpeg stderr]: 

[ERROR] ffmpeg failed to generate GIF for /mnt/media/_/pov/anal/backdoorpov.20.09.27.ally.breelsen.jacuzzi.for.two.mp4: exec: no command
[ffmpeg stderr]: 

[ERROR] ffmpeg failed to generate GIF for /mnt/media/_/pov/anal/backdoorpov.20.12.13.sara.bell.too.big.for.anal.mp4: exec: no command
[ffmpeg stderr]: 

[ERROR] ffmpeg failed to generate GIF for /mnt/media/_/pov/anal/backdoorpov.25.12.14.alexis.crystal.anal.hookup.at.the.bachelorette.party.mp4: exec: no command
[ffmpeg stderr]: 

[ERROR] ffmpeg failed to generate GIF for /mnt/media/_/pov/anal/bangpov.23.12.26.athena.fleurs.mp4: exec: no command
[ffmpeg stderr]: 

[ERROR] ffmpeg failed to generate GIF for /mnt/media/_/pov/anal/bangpov.24.05.28.britt.blair.mp4: exec: no command
[ffmpeg stderr]: 

[ERROR] ffmpeg failed to generate GIF for /mnt/media/_/pov/anal/bangpov.24.09.03.yenifer.chacon.mp4: exec: no command
[ffmpeg stderr]: 

[ERROR] ffmpeg failed to generate GIF for /mnt/media/_/pov/anal/bangpov.24.10.01.leya.desantis.mp4: exec: no command
[ffmpeg stderr]: 

[ERROR] ffmpeg failed to generate GIF for /mnt/media/_/pov/anal/bangpov.25.01.21.britney.dutch.mp4: exec: no command
[ffmpeg stderr]: 

[ERROR] ffmpeg failed to generate GIF for /mnt/media/_/pov/anal/bangpov.25.03.18.vitoria.beatriz.xxx.mp4: exec: no command
[ffmpeg stderr]: 

[ERROR] ffmpeg failed to generate GIF for /mnt/media/_/pov/anal/dadcrush.23.08.22.maria.kazi.the.abcs.of.anal.sex.mp4: exec: no command
[ffmpeg stderr]: 

[ERROR] ffmpeg failed to generate GIF for /mnt/media/_/pov/anal/bangpov.25.04.29.katty.soarez.mp4: exec: no command
[ffmpeg stderr]: 

[ERROR] ffmpeg failed to generate GIF for /mnt/media/_/pov/anal/dadcrush.24.11.27.khloe.kapri.mp4: exec: no command
[ffmpeg stderr]: 

[ERROR] ffmpeg failed to generate GIF for /mnt/media/_/pov/anal/elegantangel.25.06.11.luna.legend.legendary.anal.xxx.mp4: exec: no command
[ffmpeg stderr]: 

[ERROR] ffmpeg failed to generate GIF for /mnt/media/_/pov/anal/holed.25.03.07.emma.rosie.orgasmic.anal.mp4: exec: no command
[ffmpeg stderr]: 

[ERROR] ffmpeg failed to generate GIF for /mnt/media/_/pov/anal/letstryanal.24.08.14.cristina.miller.the.anal.afterparty.mp4: exec: no command
[ffmpeg stderr]: 

[ERROR] ffmpeg failed to generate GIF for /mnt/media/_/pov/anal/letstryanal.25.09.11.owlcrystal.anal.or.bust.mp4: exec: no command
[ffmpeg stderr]: 

[ERROR] ffmpeg failed to generate GIF for /mnt/media/_/pov/anal/manyvids.19.06.11.athena.may.first.time.anal.pov.video.xxx.mp4: exec: no command
[ffmpeg stderr]: 

[ERROR] ffmpeg failed to generate GIF for /mnt/media/_/pov/anal/mrluckypov.23.08.25.arabelle.raphael.all.anal.for.big.tit.arabelle.xxx.mp4: exec: no command
[ffmpeg stderr]: 

[ERROR] ffmpeg failed to generate GIF for /mnt/media/_/pov/anal/mrluckypov.23.12.01.skylar.snow..big.titty.anal.cum.countdown.xxx.mp4: exec: no command
[ffmpeg stderr]: 

[ERROR] ffmpeg failed to generate GIF for /mnt/media/_/pov/anal/mrluckypov.25.02.07.penelope.woods.pounding.penelope.ass.xxx.mp4: exec: no command
[ffmpeg stderr]: 

[ERROR] ffmpeg failed to generate GIF for /mnt/media/_/pov/anal/myfirst.25.05.22.scarlett.rosewood.first.anal.mp4: exec: no command
[ffmpeg stderr]: 

[ERROR] ffmpeg failed to generate GIF for /mnt/media/_/pov/anal/onlyfans.2023.miss.lexa.new.anal.sex.video.xxx.mp4: exec: no command
[ffmpeg stderr]: 

[ERROR] ffmpeg failed to generate GIF for /mnt/media/_/pov/anal/onlyfans.2024.clara.trinity.first.anal.xxx.mp4: exec: no command
[ffmpeg stderr]: 

[ERROR] ffmpeg failed to generate GIF for /mnt/media/_/pov/anal/onlyfans.2024.lily.phillips.pov.anal.xxx.mp4: exec: no command
[ffmpeg stderr]: 

[ERROR] ffmpeg failed to generate GIF for /mnt/media/_/pov/anal/onlyfans.2025.jane.wilde.and.maximo.garcia.anal.xxx.mp4: exec: no command
[ffmpeg stderr]: 

[ERROR] ffmpeg failed to generate GIF for /mnt/media/_/pov/anal/onlyfans.2025.sophie.tyler.anal.xxx.mp4: exec: no command
[ffmpeg stderr]: 

[ERROR] ffmpeg failed to generate GIF for /mnt/media/_/pov/anal/onlyfans.24.11.13.eden.ivy.anal.pov.xxx.mp4: exec: no command
[ffmpeg stderr]: 

[ERROR] ffmpeg failed to generate GIF for /mnt/media/_/pov/anal/onlyfans.25.09.06.luna.star.anal.pov.with.alex.mack.xxx.mp4: exec: no command
[ffmpeg stderr]: 

[ERROR] ffmpeg failed to generate GIF for /mnt/media/_/pov/anal/pornhub.2024.carla.cute.pov.an.angel.offers.you.anal.xxx.mp4: exec: no command
[ffmpeg stderr]: 

[ERROR] ffmpeg failed to generate GIF for /mnt/media/_/pov/anal/rkprime.25.02.23.brandy.salazar.wash.me.up.mp4: exec: no command
[ffmpeg stderr]: 

[ERROR] ffmpeg failed to generate GIF for /mnt/media/_/pov/anal/xvideosred.2025.shroomsq.my.first.time.anal.xxx.mp4: exec: no command
[ffmpeg stderr]: 

[ERROR] ffmpeg failed to generate GIF for /mnt/media/_/pov/assparade.21.03.08.vivian.taylor.mp4: exec: no command
[ffmpeg stderr]: 

[ERROR] ffmpeg failed to generate GIF for /mnt/media/_/pov/assparade.21.04.12.vivian.taylor.mp4: exec: no command
[ffmpeg stderr]: 

[ERROR] ffmpeg failed to generate GIF for /mnt/media/_/pov/assparade.21.06.07.vivian.taylor.mp4: exec: no command
[ffmpeg stderr]: 

[ERROR] ffmpeg failed to generate GIF for /mnt/media/_/pov/assparade.24.12.09.lacey.jayne.mp4: exec: no command
[ffmpeg stderr]: 

[ERROR] ffmpeg failed to generate GIF for /mnt/media/_/pov/bangpov.23.09.05.claudia.bavel.mp4: exec: no command
[ffmpeg stderr]: 

[ERROR] ffmpeg failed to generate GIF for /mnt/media/_/pov/bangpov.24.09.17.blake.blossom.mp4: exec: no command
[ffmpeg stderr]: 

[ERROR] ffmpeg failed to generate GIF for /mnt/media/_/pov/bangpov.24.10.15.jenna.starr.mp4: exec: no command
[ffmpeg stderr]: 

[ERROR] ffmpeg failed to generate GIF for /mnt/media/_/pov/bangpov.24.10.29.asteria.jade.mp4: exec: no command
[ffmpeg stderr]: 

[ERROR] ffmpeg failed to generate GIF for /mnt/media/_/pov/bangpov.24.11.26.sky.wonderland.mp4: exec: no command
[ffmpeg stderr]: 

[ERROR] ffmpeg failed to generate GIF for /mnt/media/_/pov/bangpov.24.12.10.katee.v.mp4: exec: no command
[ffmpeg stderr]: 

[ERROR] ffmpeg failed to generate GIF for /mnt/media/_/pov/bangpov.25.01.21.britney.dutch.mp4: exec: no command
[ffmpeg stderr]: 

[ERROR] ffmpeg failed to generate GIF for /mnt/media/_/pov/bangpov.25.02.18.daisy.pheonix.mp4: exec: no command
[ffmpeg stderr]: 

[ERROR] ffmpeg failed to generate GIF for /mnt/media/_/pov/bangpov.25.04.01.brianna.moore.mp4: exec: no command
[ffmpeg stderr]: 

[ERROR] ffmpeg failed to generate GIF for /mnt/media/_/pov/bangpov.25.05.13.cubbi.thompson.mp4: exec: no command
[ffmpeg stderr]: 

[ERROR] ffmpeg failed to generate GIF for /mnt/media/_/pov/bpov.15.08.01.rachel.starr.mp4: exec: no command
[ffmpeg stderr]: 

[ERROR] ffmpeg failed to generate GIF for /mnt/media/_/pov/brazzersexxtra.25.06.04.brandy.salazar.trimzz.episode.4.mp4: exec: no command
[ffmpeg stderr]: 

[ERROR] ffmpeg failed to generate GIF for /mnt/media/_/pov/dadcrush.24.09.17.asteria.jade.newcomer.sends.her.stepdad.nudes.mp4: exec: no command
[ffmpeg stderr]: 

[ERROR] ffmpeg failed to generate GIF for /mnt/media/_/pov/dadcrush.24.10.01.venus.rivers.and.asteria.jade.mp4: exec: no command
[ffmpeg stderr]: 

[ERROR] ffmpeg failed to generate GIF for /mnt/media/_/pov/dadcrush.25.02.24.eva.nyx.mp4: exec: no command
[ffmpeg stderr]: 

[ERROR] ffmpeg failed to generate GIF for /mnt/media/_/pov/dadcrush.25.10.08.ashlyn.angel.mp4: exec: no command
[ffmpeg stderr]: 

[ERROR] ffmpeg failed to generate GIF for /mnt/media/_/pov/dadcrush.25.11.26.whitney.oc.and.lola.valentine.mp4: exec: no command
[ffmpeg stderr]: 

[ERROR] ffmpeg failed to generate GIF for /mnt/media/_/pov/deeper.25.08.07.valerica.steele.just.a.girl.xxx.mp4: exec: no command
[ffmpeg stderr]: 

[ERROR] ffmpeg failed to generate GIF for /mnt/media/_/pov/familytherapyxxx.25.01.15.violet.myers.sharing.the.bed.mp4: exec: no command
[ffmpeg stderr]: 

[ERROR] ffmpeg failed to generate GIF for /mnt/media/_/pov/familytherapyxxx.25.10.19.luna.luxe.step.dads.fuck.toy.xxx.mp4: exec: no command
[ffmpeg stderr]: 

[ERROR] ffmpeg failed to generate GIF for /mnt/media/_/pov/familytherapyxxx.25.12.02.liora.vane.bad.girl.good.girl.xxx.mp4: exec: no command
[ffmpeg stderr]: 

[ERROR] ffmpeg failed to generate GIF for /mnt/media/_/pov/familytherapyxxx.25.05.12.angel.youngs.the.la.trip.mp4: exec: no command
[ffmpeg stderr]: 

[ERROR] ffmpeg failed to generate GIF for /mnt/media/_/pov/filthypov.24.12.28.lexi.victoria.spying.on.step.stepsis.led.to.massage.and.sex.mp4: exec: no command
[ffmpeg stderr]: 

[ERROR] ffmpeg failed to generate GIF for /mnt/media/_/pov/firstclasspov.24.05.09.cherry.kiss.is.a.nasty.blondie.who.loves.creampie.xxx.mp4: exec: no command
[ffmpeg stderr]: 

[ERROR] ffmpeg failed to generate GIF for /mnt/media/_/pov/firstclasspov.24.09.05.kiara.lord.gets.filled.with.cum.after.intense.cock.ride.xxx.mp4: exec: no command
[ffmpeg stderr]: 

[ERROR] ffmpeg failed to generate GIF for /mnt/media/_/pov/heavenpov.2023.sarah.arabic.xxx.mp4: exec: no command
[ffmpeg stderr]: 

[ERROR] ffmpeg failed to generate GIF for /mnt/media/_/pov/imadeporn.25.09.15.luna.legend.mp4: exec: no command
[ffmpeg stderr]: 

[ERROR] ffmpeg failed to generate GIF for /mnt/media/_/pov/jayspov.25.06.11.justine.jakobs.mp4: exec: no command
[ffmpeg stderr]: 

[ERROR] ffmpeg failed to generate GIF for /mnt/media/_/pov/jayspov.25.12.17.bambi.blitz.mp4: exec: no command
[ffmpeg stderr]: 

[ERROR] ffmpeg failed to generate GIF for /mnt/media/_/pov/lpi.25.02.18.brandy.salazar.the.cleaning.crew.mp4: exec: no command
[ffmpeg stderr]: 

[ERROR] ffmpeg failed to generate GIF for /mnt/media/_/pov/mlim.25.07.10.khloe.kapri.birthday.creampie.mp4: exec: no command
[ffmpeg stderr]: 

[ERROR] ffmpeg failed to generate GIF for /mnt/media/_/pov/mlim.25.08.21.khloe.kapri.khloe.got.that.good.mp4: exec: no command
[ffmpeg stderr]: 

[ERROR] ffmpeg failed to generate GIF for /mnt/media/_/pov/morepov.2023.abella.danger.emma.hix.lacy.lennon.three.horny.bridesmaids.xxx.mp4: exec: no command
[ffmpeg stderr]: 

[ERROR] ffmpeg failed to generate GIF for /mnt/media/_/pov/mrluckypov.23.06.30.aria.lee.brunette.pawg.twerks.her.perfect.ass.xxx.mp4: exec: no command
[ffmpeg stderr]: 

[ERROR] ffmpeg failed to generate GIF for /mnt/media/_/pov/mrluckypov.24.07.12.natasha.nice.banging.huge.tit.natasha.nice.xxx.mp4: exec: no command
[ffmpeg stderr]: 

[ERROR] ffmpeg failed to generate GIF for /mnt/media/_/pov/mrluckyraw.23.08.02.sarah.arabic.gets.a.hard.pounding.and.satisfying.creampie.xxx.mp4: exec: no command
[ffmpeg stderr]: 

[ERROR] ffmpeg failed to generate GIF for /mnt/media/_/pov/mrpov.25.07.10.myra.moans.the.corporate.ladder.mp4: exec: no command
[ffmpeg stderr]: 

[ERROR] ffmpeg failed to generate GIF for /mnt/media/_/pov/mylflabs.25.04.10.lexi.nicole.silent.male.pov.2.mp4: exec: no command
[ffmpeg stderr]: 

[ERROR] ffmpeg failed to generate GIF for /mnt/media/_/pov/mypervyfamily.25.10.02.eva.generosi.the.talk.mp4: exec: no command
[ffmpeg stderr]: 

[ERROR] ffmpeg failed to generate GIF for /mnt/media/_/pov/onlyfans.2024.violet.myers.with.mr.lucky.pov.hairy.pussy.fuck.xxx.mp4: exec: no command
[ffmpeg stderr]: 

[ERROR] ffmpeg failed to generate GIF for /mnt/media/_/pov/onlyfans.24.02.23.sarah.arabic.and.roxie.sinner.threesome.with.mrluckypov.xxx.mp4: exec: no command
[ffmpeg stderr]: 

[ERROR] ffmpeg failed to generate GIF for /mnt/media/_/pov/onlyfans.24.09.06.angela.white.and.violet.myers.threesome.with.girthmasterr.xxx.mp4: exec: no command
[ffmpeg stderr]: 

[ERROR] ffmpeg failed to generate GIF for /mnt/media/_/pov/onlyfans.24.12.23.devil.khloe.thick.latina.step.sister.lends.a.hand.xxx.mp4: exec: no command
[ffmpeg stderr]: 

[ERROR] ffmpeg failed to generate GIF for /mnt/media/_/pov/onlyfans.25.04.10.vivian.taylor.big.step.sister.edge.training.course.xxx.mp4: exec: no command
[ffmpeg stderr]: 

[ERROR] ffmpeg failed to generate GIF for /mnt/media/_/pov/perfectgirlfriend.25.07.14.gia.ohmy.the.friendly.neighbor.mp4: exec: no command
[ffmpeg stderr]: 

[ERROR] ffmpeg failed to generate GIF for /mnt/media/_/pov/pervmom.25.10.27.lauren.phillips.mp4: exec: no command
[ffmpeg stderr]: 

[ERROR] ffmpeg failed to generate GIF for /mnt/media/_/pov/povd.25.04.25.delilah.dagger.swing.pov.mp4: exec: no command
[ffmpeg stderr]: 

[ERROR] ffmpeg failed to generate GIF for /mnt/media/_/pov/scottstark.via.onlyfans.24.11.03.the.official.egypt.mp4: exec: no command
[ffmpeg stderr]: 

[ERROR] ffmpeg failed to generate GIF for /mnt/media/_/pov/sislovesme.25.09.27.asteria.jade.mp4: exec: no command
[ffmpeg stderr]: 

[ERROR] ffmpeg failed to generate GIF for /mnt/media/_/pov/strippers4k.25.12.06.emma.rosie.skater.girl.mp4: exec: no command
[ffmpeg stderr]: 

[ERROR] ffmpeg failed to generate GIF for /mnt/media/_/pov/teamskeetallstars.25.12.01.emma.rosie.mp4: exec: no command
[ffmpeg stderr]: 

[ERROR] ffmpeg failed to generate GIF for /mnt/media/_/pov/thepovgod.24.05.10.violet.myers.got.the.sweet.stuff.mp4: exec: no command
[ffmpeg stderr]: 

[ERROR] ffmpeg failed to generate GIF for /mnt/media/_/pov/thepovgod.24.10.25.willow.ryder.the.call.of.that.booty.mp4: exec: no command
[ffmpeg stderr]: 

[ERROR] ffmpeg failed to generate GIF for /mnt/media/_/pov/thepovgod.25.03.21.angela.white.and.violet.myers.cum.swap.mp4: exec: no command
[ffmpeg stderr]: 

[ERROR] ffmpeg failed to generate GIF for /mnt/media/_/pov/thepovgod.25.05.23.jessie.rogers.jessies.juicy.pussy.mp4: exec: no command
[ffmpeg stderr]: 

[ERROR] ffmpeg failed to generate GIF for /mnt/media/_/pov/thepovgod.25.06.06.skylar.vox.skylar.twerks.on.it.mp4: exec: no command
[ffmpeg stderr]: 

[ERROR] ffmpeg failed to generate GIF for /mnt/media/_/pov/thepovgod.25.07.11.mz.dani.thicc.ass.mz.dani.mp4: exec: no command
[ffmpeg stderr]: 

[ERROR] ffmpeg failed to generate GIF for /mnt/media/_/pov/thepovgod.25.10.24.vivian.taylor.vacation.with.my.stepsister.mp4: exec: no command
[ffmpeg stderr]: 

[ERROR] ffmpeg failed to generate GIF for /mnt/media/_/pov/thickumz.25.08.22.mila.milkshake.mp4: exec: no command
[ffmpeg stderr]: 

[ERROR] ffmpeg failed to generate GIF for /mnt/media/_/pov/thickumz.25.09.17.anna.claire.clouds.and.anora.taylor.mp4: exec: no command
[ffmpeg stderr]: 

[ERROR] ffmpeg failed to generate GIF for /mnt/media/_/tatt/BigTitsRoundAsses.24.03.02.Tigerlilly.XXX.1080p.HEVC.x265.PRT.mkv: exec: no command
[ffmpeg stderr]: 

[ERROR] ffmpeg failed to generate GIF for /mnt/media/_/tatt/DevilsFilm.25.02.21.Nichole.Saphir.Abby.Rose.Husband-Wife.Strap.Spitroasts.XXX.1080p.mp4: exec: no command
[ffmpeg stderr]: 

[ERROR] ffmpeg failed to generate GIF for /mnt/media/_/tatt/SlutInspection.23.05.24.Valerica.Steele.POV.Fuck.And.Squirt.Fest.XXX.1080p.HEVC.x265.PRT.mkv: exec: no command
[ffmpeg stderr]: 

[ERROR] ffmpeg failed to generate GIF for /mnt/media/_/tatt/SlutInspection.24.07.17.Tall.Slut.Rocky.Emerson.Gets.Creampie.From.My.Husband.XXX.1080p.HEVC.x265.PRT.mkv: exec: no command
[ffmpeg stderr]: 

[ERROR] ffmpeg failed to generate GIF for /mnt/media/_/tatt/brammed.25.07.14.loveless.mp4: exec: no command
[ffmpeg stderr]: 

[ERROR] ffmpeg failed to generate GIF for /mnt/media/_/tatt/evilangel.25.10.02.megan.inky.backstage.mp4: exec: no command
[ffmpeg stderr]: 

[ERROR] ffmpeg failed to generate GIF for /mnt/media/_/tatt/lewd-ipov613reauf.mp4: exec: no command
[ffmpeg stderr]: 

[ERROR] ffmpeg failed to generate GIF for /mnt/media/_/tatt/mypervyfamily.25.03.15.luna.legend.my.stepsis.is.a.control.slut.mp4: exec: no command
[ffmpeg stderr]: 

[ERROR] ffmpeg failed to generate GIF for /mnt/media/_/vr/18VR_LUST_MEMORY_VII_Random_Ass_Sex_Memories_8K_180_180x180_3dh.mp4: exec: no command
[ffmpeg stderr]: 

[ERROR] ffmpeg failed to generate GIF for /mnt/media/_/vr/18VR_Molly Cute_Back_Door_Meet_Cute_8K_180_180x180_3dh.mp4: exec: no command
[ffmpeg stderr]: 

[ERROR] ffmpeg failed to generate GIF for /mnt/media/_/vr/830-czechvr-3d-7680x3840-60fps-oculusrift_uhq_h265.mp4: exec: no command
[ffmpeg stderr]: 

[ERROR] ffmpeg failed to generate GIF for /mnt/media/_/vr/ARPorn_Linda Lan_Safe Haven_4096p_8K_original_FISHEYE190_alpha.mp4: exec: no command
[ffmpeg stderr]: 

[ERROR] ffmpeg failed to generate GIF for /mnt/media/_/vr/Alex Coal [PSEX] Nov 8, 2024_8kvr265.mp4: exec: no command
[ffmpeg stderr]: 

[ERROR] ffmpeg failed to generate GIF for /mnt/media/_/vr/Anissa Kate [FKMA] Oct 9, 2024R_6kvr265.mp4: exec: no command
[ffmpeg stderr]: 

[ERROR] ffmpeg failed to generate GIF for /mnt/media/_/vr/BadoinkVR_Carolina Guerrero_Olivia Sparkle_Three-Way_Ticket_to_Paradise_8K_180_180x180_3dh.mp4: exec: no command
[ffmpeg stderr]: 

[ERROR] ffmpeg failed to generate GIF for /mnt/media/_/vr/BadoinkVR_Charlotte Sins_Sinner_Takes_It_All_8K_180_180x180_3dh.mp4: exec: no command
[ffmpeg stderr]: 

[ERROR] ffmpeg failed to generate GIF for /mnt/media/_/vr/BadoinkVR_Instant_Pole-a-Ride_8K_180_180x180_3dh.mp4: exec: no command
[ffmpeg stderr]: 

[ERROR] ffmpeg failed to generate GIF for /mnt/media/_/vr/BadoinkVR_Isa Bella_La_Isla_Bella_8K_180_180x180_3dh.mp4: exec: no command
[ffmpeg stderr]: 

